Microchip MPLAB XC8 Compiler V2.10 ()

Linker command line:

-W-3 --edf=C:\Program Files (x86)\Microchip\xc8\v2.10\pic\dat\en_msgs.txt \
  -cs \
  -h+dist/default/production\ProyectoTermometroDiferencial.X.production.sym \
  --cmf=dist/default/production\ProyectoTermometroDiferencial.X.production.cmf \
  -z -Q16F873A -oC:\Users\Cristian\AppData\Local\Temp\sps.2 \
  --defsym=__MPLAB_BUILD=1 \
  -Mdist/default/production/ProyectoTermometroDiferencial.X.production.map \
  -E1 -ver=XC8 --acfsm=1493 -ASTACK=064h-07Dh -pstack=STACK \
  -ACODE=00h-07FFhx2 -ASTRCODE=00h-0FFFh -ASTRING=00h-0FFhx16 \
  -ACONST=00h-0FFhx16 -AENTRY=00h-0FFhx16 -ABANK0=020h-07Dh \
  -ABANK1=0A0h-0FDh -ARAM=020h-07Dh,0A0h-0FDh -AABS1=020h-07Fh,0A0h-0FFh \
  -ACOMMON=07Eh-07Fh -ASFR0=00h-01Fh -ASFR1=080h-09Fh -ASFR2=0100h-017Dh \
  -ASFR3=0180h-01FDh -preset_vec=00h,intentry=04h,init,end_init \
  -ppowerup=CODE -pcinit=CODE -pfunctab=ENTRY -ACONFIG=02007h-02007h \
  -pconfig=CONFIG -DCONFIG=2 -AIDLOC=02000h-02003h -pidloc=IDLOC -DIDLOC=2 \
  -AEEDATA=00h-07Fh/02100h -peeprom_data=EEDATA -DEEDATA=2 -DCODE=2 \
  -DSTRCODE=2 -DSTRING=2 -DCONST=2 -DENTRY=2 -k \
  C:\Users\Cristian\AppData\Local\Temp\sps.o \
  dist/default/production\ProyectoTermometroDiferencial.X.production.o 

Object code version is 3.11

Machine type is 16F873A



                Name                               Link     Load   Length Selector   Space Scale
C:\Users\Cristian\AppData\Local\Temp\sps.o
                end_init                              F        F        2        8       0
                reset_vec                             0        0        2        0       0
dist/default/production\ProyectoTermometroDiferencial.X.production.o
                cinit                                11       11       29        8       0
                intentry                              4        4        B        8       0
                text44                              906      906       10     120C       0
                text43                              C3E      C3E       3F     187C       0
                text42                              8D2      8D2        D     11A4       0
                text41                              916      916       10     122C       0
                text40                              98C      98C       15     1318       0
                text39                              A4B      A4B       25     1496       0
                text38                              B6C      B6C       30     16D8       0
                text37                              A95      A95       27     152A       0
                text36                              978      978       14     12F0       0
                text35                              780      780       7F        8       0
                text34                              8DF      8DF        D     11BE       0
                text33                              6AC      6AC       D4        8       0
                text32                              A07      A07       22     140E       0
                text31                              926      926       10     124C       0
                text30                              C7D      C7D       3F     18FA       0
                text29                              8EC      8EC        D     11D8       0
                text28                              8B1      8B1        A     1162       0
                text27                              956      956       11     12AC       0
                text26                              8BB      8BB        B     1176       0
                text25                              9A1      9A1       15     1342       0
                text24                              A70      A70       25     14E0       0
                text23                              A29      A29       22     1452       0
                text22                              B9C      B9C       33     1738       0
                text21                              936      936       10     126C       0
                text20                              B3E      B3E       2E     167C       0
                text19                              9B6      9B6       18     136C       0
                text18                              8F9      8F9        D     11F2       0
                text17                              ABC      ABC       29     1578       0
                text16                               3A       3A      543        8       0
                text15                              E0C      E0C       92     1C18       0
                text14                              F44      F44       BC     1E88       0
                text13                              946      946       10     128C       0
                text12                              D02      D02       4D     1A04       0
                text11                              9EA      9EA       1D     13D4       0
                text10                              AE5      AE5       2C     15CA       0
                text9                               9CE      9CE       1C     139C       0
                text8                               CBC      CBC       46     1978       0
                text7                               C02      C02       3C     1804       0
                text6                               57D      57D      12F        8       0
                text5                               E9E      E9E       A6     1D3C       0
                text4                               B11      B11       2D     1622       0
                text3                               DA0      DA0       6C     1B40       0
                text2                               BCF      BCF       33     179E       0
                text1                                 2        2        2        0       0
                maintext                            D4F      D4F       51     1A9E       0
                cstackBANK0                          20       20       31       20       1
                cstackBANK1                          A0       A0       40       A0       1
                inittext                            967      967       11     12CE       0
                dataBANK1                            E4       E4        4       A0       1
                bssBANK1                             E0       E0        4       A0       1
                dataBANK0                            51       51        C       20       1
                bssBANK0                             5D       5D        7       20       1
                strings                             800      800       36     1000       0
                idataBANK1                          8AD      8AD        4     115A       0
                idataBANK0                          8C6      8C6        C     118C       0

TOTAL           Name                               Link     Load   Length     Space
        CLASS   STACK          

        CLASS   CODE           
                end_init                              F        F        2         0
                cinit                                11       11       29         0
                intentry                              4        4        B         0
                reset_vec                             0        0        2         0
                text44                              906      906       10         0
                text43                              C3E      C3E       3F         0
                text42                              8D2      8D2        D         0
                text41                              916      916       10         0
                text40                              98C      98C       15         0
                text39                              A4B      A4B       25         0
                text38                              B6C      B6C       30         0
                text37                              A95      A95       27         0
                text36                              978      978       14         0
                text35                              780      780       7F         0
                text34                              8DF      8DF        D         0
                text33                              6AC      6AC       D4         0
                text32                              A07      A07       22         0
                text31                              926      926       10         0
                text30                              C7D      C7D       3F         0
                text29                              8EC      8EC        D         0
                text28                              8B1      8B1        A         0
                text27                              956      956       11         0
                text26                              8BB      8BB        B         0
                text25                              9A1      9A1       15         0
                text24                              A70      A70       25         0
                text23                              A29      A29       22         0
                text22                              B9C      B9C       33         0
                text21                              936      936       10         0
                text20                              B3E      B3E       2E         0
                text19                              9B6      9B6       18         0
                text18                              8F9      8F9        D         0
                text17                              ABC      ABC       29         0
                text16                               3A       3A      543         0
                text15                              E0C      E0C       92         0
                text14                              F44      F44       BC         0
                text13                              946      946       10         0
                text12                              D02      D02       4D         0
                text11                              9EA      9EA       1D         0
                text10                              AE5      AE5       2C         0
                text9                               9CE      9CE       1C         0
                text8                               CBC      CBC       46         0
                text7                               C02      C02       3C         0
                text6                               57D      57D      12F         0
                text5                               E9E      E9E       A6         0
                text4                               B11      B11       2D         0
                text3                               DA0      DA0       6C         0
                text2                               BCF      BCF       33         0
                text1                                 2        2        2         0
                maintext                            D4F      D4F       51         0
                inittext                            967      967       11         0
                idataBANK1                          8AD      8AD        4         0
                idataBANK0                          8C6      8C6        C         0

        CLASS   STRCODE        

        CLASS   STRING         
                strings                             800      800       36         0

        CLASS   CONST          

        CLASS   ENTRY          

        CLASS   BANK0          
                cstackBANK0                          20       20       31         1
                dataBANK0                            51       51        C         1
                bssBANK0                             5D       5D        7         1

        CLASS   BANK1          
                cstackBANK1                          A0       A0       40         1
                dataBANK1                            E4       E4        4         1
                bssBANK1                             E0       E0        4         1

        CLASS   RAM            

        CLASS   ABS1           
                abs_s1                               7E       7E        2         1

        CLASS   COMMON         

        CLASS   SFR0           

        CLASS   SFR1           

        CLASS   SFR2           

        CLASS   SFR3           

        CLASS   CONFIG         

        CLASS   IDLOC          

        CLASS   EEDATA         

        CLASS   BANK3          

        CLASS   BANK2          



SEGMENTS        Name                           Load    Length   Top    Selector   Space  Class     Delta

                reset_vec                      000000  000004  000004         0       0  CODE        2
                intentry                       000004  0007FB  0007FF         8       0  CODE        2
                cstackBANK0                    000020  000044  000064        20       1  BANK0       1
                cstackBANK1                    0000A0  000048  0000E8        A0       1  BANK1       1
                strings                        000800  000036  000836      1000       0  STRING      2
                idataBANK1                     0008AD  000004  0008B1      115A       0  CODE        2
                text28                         0008B1  00000A  0008BB      1162       0  CODE        2
                text26                         0008BB  00000B  0008C6      1176       0  CODE        2
                idataBANK0                     0008C6  00000C  0008D2      118C       0  CODE        2
                text42                         0008D2  00000D  0008DF      11A4       0  CODE        2
                text34                         0008DF  00000D  0008EC      11BE       0  CODE        2
                text29                         0008EC  00000D  0008F9      11D8       0  CODE        2
                text18                         0008F9  00000D  000906      11F2       0  CODE        2
                text44                         000906  000010  000916      120C       0  CODE        2
                text41                         000916  000010  000926      122C       0  CODE        2
                text31                         000926  000010  000936      124C       0  CODE        2
                text21                         000936  000010  000946      126C       0  CODE        2
                text13                         000946  000010  000956      128C       0  CODE        2
                text27                         000956  000011  000967      12AC       0  CODE        2
                inittext                       000967  000011  000978      12CE       0  CODE        2
                text36                         000978  000014  00098C      12F0       0  CODE        2
                text40                         00098C  000015  0009A1      1318       0  CODE        2
                text25                         0009A1  000015  0009B6      1342       0  CODE        2
                text19                         0009B6  000018  0009CE      136C       0  CODE        2
                text9                          0009CE  00001C  0009EA      139C       0  CODE        2
                text11                         0009EA  00001D  000A07      13D4       0  CODE        2
                text32                         000A07  000022  000A29      140E       0  CODE        2
                text23                         000A29  000022  000A4B      1452       0  CODE        2
                text39                         000A4B  000025  000A70      1496       0  CODE        2
                text24                         000A70  000025  000A95      14E0       0  CODE        2
                text37                         000A95  000027  000ABC      152A       0  CODE        2
                text17                         000ABC  000029  000AE5      1578       0  CODE        2
                text10                         000AE5  00002C  000B11      15CA       0  CODE        2
                text4                          000B11  00002D  000B3E      1622       0  CODE        2
                text20                         000B3E  00002E  000B6C      167C       0  CODE        2
                text38                         000B6C  000030  000B9C      16D8       0  CODE        2
                text22                         000B9C  000033  000BCF      1738       0  CODE        2
                text2                          000BCF  000033  000C02      179E       0  CODE        2
                text7                          000C02  00003C  000C3E      1804       0  CODE        2
                text43                         000C3E  00003F  000C7D      187C       0  CODE        2
                text30                         000C7D  00003F  000CBC      18FA       0  CODE        2
                text8                          000CBC  000046  000D02      1978       0  CODE        2
                text12                         000D02  00004D  000D4F      1A04       0  CODE        2
                maintext                       000D4F  000051  000DA0      1A9E       0  CODE        2
                text3                          000DA0  00006C  000E0C      1B40       0  CODE        2
                text15                         000E0C  000092  000E9E      1C18       0  CODE        2
                text5                          000E9E  0000A6  000F44      1D3C       0  CODE        2
                text14                         000F44  0000BC  001000      1E88       0  CODE        2


UNUSED ADDRESS RANGES

        Name                Unused          Largest block    Delta
        BANK0            0064-007D             1A           1
        BANK1            00E8-00FD             16           1
        CODE             07FF-07FF              1           2
                         0836-08AC             77
        CONFIG           2007-2007              1           2
        CONST            07FF-07FF              1           2
                         0836-08AC             77
        EEDATA           2100-217F             80           2
        ENTRY            07FF-07FF              1           2
                         0836-08AC             77
        IDLOC            2000-2003              4           2
        RAM              0064-007D             1A           1
                         00E8-00FD             16
        SFR0             0000-001F             20           1
        SFR1             0080-009F             20           1
        SFR2             0100-017D             7E           1
        SFR3             0180-01FD             7E           1
        STACK            0064-007D             1A           1
        STRCODE          07FF-07FF              1           2
                         0836-08AC             77
        STRING           07FF-07FF              1           2
                         0836-08AC             77

                                  Symbol Table

?__Umul8_16                          cstackBANK0  003A
?___flmul                            cstackBANK1  00A0
?___fltol                            cstackBANK1  00B5
?___lwdiv                            cstackBANK0  003A
?___lwmod                            cstackBANK0  0042
?___wmul                             cstackBANK0  0020
?___xxtofl                           cstackBANK0  003C
?_atoi                               cstackBANK0  0026
?_getTemperatureInt                  cstackBANK1  00BE
?_getVoltaje                         cstackBANK0  003A
?_isItHot                            cstackBANK0  003A
?_sprintf                            cstackBANK0  0048
?_strlen                             cstackBANK0  003A
_ADCON0                              (abs)        001F
_ADCON1                              (abs)        009F
_ADCS0                               (abs)        00FE
_ADRESH                              (abs)        001E
_ADRESL                              (abs)        009E
_BRGH                                (abs)        04C2
_CHS0                                (abs)        00FB
_CREN                                (abs)        00C4
_GIE                                 (abs)        005F
_GO                                  (abs)        00FA
_INTCONbits                          (abs)        000B
_OPTION_REG                          (abs)        0081
_PORTB                               (abs)        0006
_PORTC                               (abs)        0007
_RBIE                                (abs)        005B
_RBIF                                (abs)        0058
_RC0                                 (abs)        0038
_RC1                                 (abs)        0039
_RCIE                                (abs)        0465
_SPBRG                               (abs)        0099
_SPEN                                (abs)        00C7
_SYNC                                (abs)        04C4
_TRISA                               (abs)        0085
_TRISB                               (abs)        0086
_TRISC                               (abs)        0087
_TXEN                                (abs)        04C5
_TXIE                                (abs)        0464
_TXIF                                (abs)        0064
_TXREG                               (abs)        0019
_ZeroSequenceKeyboard                text26       08BB
__Habs1                              abs1         0000
__Hbank0                             bank0        0000
__Hbank1                             bank1        0000
__Hbank2                             bank2        0000
__Hbank3                             bank3        0000
__HbssBANK0                          bssBANK0     0000
__HbssBANK1                          bssBANK1     0000
__Hcinit                             cinit        003A
__Hclrtext                           clrtext      0000
__Hcode                              code         0000
__Hcommon                            common       0000
__Hconfig                            config       0000
__HcstackBANK0                       cstackBANK0  0000
__HcstackBANK1                       cstackBANK1  0000
__HcstackCOMMON                      cstackCOMMON 0000
__HdataBANK0                         dataBANK0    0000
__HdataBANK1                         dataBANK1    0000
__Heeprom_data                       eeprom_data  0000
__Hend_init                          end_init     0011
__Hfunctab                           functab      0000
__HidataBANK0                        idataBANK0   0000
__HidataBANK1                        idataBANK1   0000
__Hidloc                             idloc        0000
__Hinit                              init         000F
__Hinittext                          inittext     0000
__Hintentry                          intentry     000F
__Hmaintext                          maintext     0000
__Hpowerup                           powerup      0000
__Hram                               ram          0000
__Hreset_vec                         reset_vec    0002
__Hsfr0                              sfr0         0000
__Hsfr1                              sfr1         0000
__Hsfr2                              sfr2         0000
__Hsfr3                              sfr3         0000
__Hspace_0                           (abs)        1000
__Hspace_1                           (abs)        00E8
__Hspace_2                           (abs)        0000
__Hspace_3                           (abs)        0000
__Hstack                             stack        0000
__Hstrings                           strings      0000
__Htext                              text         0000
__Labs1                              abs1         0000
__Lbank0                             bank0        0000
__Lbank1                             bank1        0000
__Lbank2                             bank2        0000
__Lbank3                             bank3        0000
__LbssBANK0                          bssBANK0     0000
__LbssBANK1                          bssBANK1     0000
__Lcinit                             cinit        0011
__Lclrtext                           clrtext      0000
__Lcode                              code         0000
__Lcommon                            common       0000
__Lconfig                            config       0000
__LcstackBANK0                       cstackBANK0  0000
__LcstackBANK1                       cstackBANK1  0000
__LcstackCOMMON                      cstackCOMMON 0000
__LdataBANK0                         dataBANK0    0000
__LdataBANK1                         dataBANK1    0000
__Leeprom_data                       eeprom_data  0000
__Lend_init                          end_init     000F
__Lfunctab                           functab      0000
__LidataBANK0                        idataBANK0   0000
__LidataBANK1                        idataBANK1   0000
__Lidloc                             idloc        0000
__Linit                              init         000F
__Linittext                          inittext     0000
__Lintentry                          intentry     0004
__Lmaintext                          maintext     0000
__Lpowerup                           powerup      0000
__Lram                               ram          0000
__Lreset_vec                         reset_vec    0000
__Lsfr0                              sfr0         0000
__Lsfr1                              sfr1         0000
__Lsfr2                              sfr2         0000
__Lsfr3                              sfr3         0000
__Lspace_0                           (abs)        0000
__Lspace_1                           (abs)        0000
__Lspace_2                           (abs)        0000
__Lspace_3                           (abs)        0000
__Lstack                             stack        0000
__Lstrings                           strings      0000
__Ltext                              text         0000
__S0                                 (abs)        1000
__S1                                 (abs)        00E8
__S2                                 (abs)        0000
__S3                                 (abs)        0000
__Umul8_16                           text17       0ABC
__Umul8_16@multiplicand              cstackBANK0  003A
__Umul8_16@multiplier                cstackBANK0  0042
__Umul8_16@product                   cstackBANK0  003E
__Umul8_16@word_mpld                 cstackBANK0  0040
___flmul                             text16       003A
___flmul@a                           cstackBANK1  00A4
___flmul@aexp                        cstackBANK1  00A9
___flmul@b                           cstackBANK1  00A0
___flmul@bexp                        cstackBANK1  00AE
___flmul@grs                         cstackBANK1  00AA
___flmul@prod                        cstackBANK1  00AF
___flmul@sign                        cstackBANK1  00A8
___flmul@temp                        cstackBANK1  00B3
___fltol                             text15       0E0C
___fltol@exp1                        cstackBANK0  0050
___fltol@f1                          cstackBANK1  00B5
___fltol@sign1                       cstackBANK0  004F
___int_sp                            stack        0000
___latbits                           (abs)        0001
___lwdiv                             text8        0CBC
___lwdiv@counter                     cstackBANK0  003F
___lwdiv@dividend                    cstackBANK0  003C
___lwdiv@divisor                     cstackBANK0  003A
___lwdiv@quotient                    cstackBANK0  0040
___lwmod                             text7        0C02
___lwmod@counter                     cstackBANK0  0047
___lwmod@dividend                    cstackBANK0  0044
___lwmod@divisor                     cstackBANK0  0042
___sp                                stack        0000
___stackhi                           (abs)        0000
___stacklo                           (abs)        0000
___wmul                              text37       0A95
___wmul@multiplicand                 cstackBANK0  0022
___wmul@multiplier                   cstackBANK0  0020
___wmul@product                      cstackBANK0  0024
___xxtofl                            text14       0F44
___xxtofl@arg                        cstackBANK0  0046
___xxtofl@exp                        cstackBANK0  0045
___xxtofl@sign                       cstackBANK0  0044
___xxtofl@val                        cstackBANK0  003C
__end_of_ZeroSequenceKeyboard        text26       08C6
__end_of__Umul8_16                   text17       0AE5
__end_of___flmul                     text16       057D
__end_of___fltol                     text15       0E9E
__end_of___lwdiv                     text8        0D02
__end_of___lwmod                     text7        0C3E
__end_of___wmul                      text37       0ABC
__end_of___xxtofl                    text14       1000
__end_of__initialization             cinit        0037
__end_of__stringtab                  strings      0810
__end_of_addCharToMaxTemp            text38       0B9C
__end_of_atoi                        text35       07FF
__end_of_changeThermometerChannel    text18       0906
__end_of_clearIfFirst                text41       0926
__end_of_clearLCD                    text29       08F9
__end_of_configKeyboard              text28       08BB
__end_of_configSerialPort            text27       0967
__end_of_configTempMode              text20       0B6C
__end_of_configThermo                text19       09CE
__end_of_dpowers                     strings      081A
__end_of_flank                       text31       0936
__end_of_getTemperatureInt           text12       0D4F
__end_of_getTemperatureString        text3        0E0C
__end_of_getVoltaje                  text13       0956
__end_of_globalInterruption          text32       0A29
__end_of_isItHot                     text11       0A07
__end_of_isdigit                     text36       098C
__end_of_keyboard                    text33       0780
__end_of_main                        maintext     0DA0
__end_of_putCharacter                text24       0A95
__end_of_send                        text9        09EA
__end_of_sendNibble                  text30       0CBC
__end_of_showDifferenceTemp          text5        0F44
__end_of_showTemp                    text2        0C02
__end_of_sprintf                     text6        06AC
__end_of_strcat                      text4        0B3E
__end_of_strlen                      text23       0A4B
__end_of_turnOnLCD                   text25       09B6
__end_of_turnOnSerialAlarm           text10       0B11
__end_of_wait                        text1        0004
__end_of_writeOnLCD                  text21       0946
__end_of_writeWord                   text22       0BCF
__end_ofi1_changeThermometerChannel  text34       08EC
__end_ofi1_clearLCD                  text42       08DF
__end_ofi1_flank                     text44       0916
__end_ofi1_putCharacter              text39       0A70
__end_ofi1_sendNibble                text43       0C7D
__end_ofi1_turnOnLCD                 text40       09A1
__initialization                     cinit        0011
__pbssBANK0                          bssBANK0     005D
__pbssBANK1                          bssBANK1     00E0
__pcstackBANK0                       cstackBANK0  0020
__pcstackBANK1                       cstackBANK1  00A0
__pcstackCOMMON                      cstackCOMMON 0000
__pdataBANK0                         dataBANK0    0051
__pdataBANK1                         dataBANK1    00E4
__pidataBANK0                        idataBANK0   08C6
__pidataBANK1                        idataBANK1   08AD
__pintentry                          intentry     0004
__pmaintext                          maintext     0D4F
__pstrings                           strings      0800
__ptext1                             text1        0002
__ptext10                            text10       0AE5
__ptext11                            text11       09EA
__ptext12                            text12       0D02
__ptext13                            text13       0946
__ptext14                            text14       0F44
__ptext15                            text15       0E0C
__ptext16                            text16       003A
__ptext17                            text17       0ABC
__ptext18                            text18       08F9
__ptext19                            text19       09B6
__ptext2                             text2        0BCF
__ptext20                            text20       0B3E
__ptext21                            text21       0936
__ptext22                            text22       0B9C
__ptext23                            text23       0A29
__ptext24                            text24       0A70
__ptext25                            text25       09A1
__ptext26                            text26       08BB
__ptext27                            text27       0956
__ptext28                            text28       08B1
__ptext29                            text29       08EC
__ptext3                             text3        0DA0
__ptext30                            text30       0C7D
__ptext31                            text31       0926
__ptext32                            text32       0A07
__ptext33                            text33       06AC
__ptext34                            text34       08DF
__ptext35                            text35       0780
__ptext36                            text36       0978
__ptext37                            text37       0A95
__ptext38                            text38       0B6C
__ptext39                            text39       0A4B
__ptext4                             text4        0B11
__ptext40                            text40       098C
__ptext41                            text41       0916
__ptext42                            text42       08D2
__ptext43                            text43       0C3E
__ptext44                            text44       0906
__ptext5                             text5        0E9E
__ptext6                             text6        057D
__ptext7                             text7        0C02
__ptext8                             text8        0CBC
__ptext9                             text9        09CE
__size_of_ZeroSequenceKeyboard       (abs)        0000
__size_of__Umul8_16                  (abs)        0000
__size_of___flmul                    (abs)        0000
__size_of___fltol                    (abs)        0000
__size_of___lwdiv                    (abs)        0000
__size_of___lwmod                    (abs)        0000
__size_of___wmul                     (abs)        0000
__size_of___xxtofl                   (abs)        0000
__size_of_addCharToMaxTemp           (abs)        0000
__size_of_atoi                       (abs)        0000
__size_of_changeThermometerChannel   (abs)        0000
__size_of_clearIfFirst               (abs)        0000
__size_of_clearLCD                   (abs)        0000
__size_of_configKeyboard             (abs)        0000
__size_of_configSerialPort           (abs)        0000
__size_of_configTempMode             (abs)        0000
__size_of_configThermo               (abs)        0000
__size_of_flank                      (abs)        0000
__size_of_getTemperatureInt          (abs)        0000
__size_of_getTemperatureString       (abs)        0000
__size_of_getVoltaje                 (abs)        0000
__size_of_globalInterruption         (abs)        0000
__size_of_isItHot                    (abs)        0000
__size_of_isdigit                    (abs)        0000
__size_of_keyboard                   (abs)        0000
__size_of_main                       (abs)        0000
__size_of_putCharacter               (abs)        0000
__size_of_send                       (abs)        0000
__size_of_sendNibble                 (abs)        0000
__size_of_showDifferenceTemp         (abs)        0000
__size_of_showTemp                   (abs)        0000
__size_of_sprintf                    (abs)        0000
__size_of_strcat                     (abs)        0000
__size_of_strlen                     (abs)        0000
__size_of_turnOnLCD                  (abs)        0000
__size_of_turnOnSerialAlarm          (abs)        0000
__size_of_wait                       (abs)        0000
__size_of_writeOnLCD                 (abs)        0000
__size_of_writeWord                  (abs)        0000
__size_ofi1_changeThermometerChannel (abs)        0000
__size_ofi1_clearLCD                 (abs)        0000
__size_ofi1_flank                    (abs)        0000
__size_ofi1_putCharacter             (abs)        0000
__size_ofi1_sendNibble               (abs)        0000
__size_ofi1_turnOnLCD                (abs)        0000
__stringbase                         strings      080F
__stringtab                          strings      0800
_addCharToMaxTemp                    text38       0B6C
_atoi                                text35       0780
_changeThermometerChannel            text18       08F9
_clear                               dataBANK0    0059
_clearIfFirst                        text41       0916
_clearLCD                            text29       08EC
_configKeyboard                      text28       08B1
_configSerialPort                    text27       0956
_configTempMode                      text20       0B3E
_configThermo                        text19       09B6
_cont                                bssBANK0     005D
_dpowers                             strings      0810
_flank                               text31       0926
_getTemperatureInt                   text12       0D02
_getTemperatureString                text3        0DA0
_getVoltaje                          text13       0946
_globalInterruption                  text32       0A07
_isItHot                             text11       09EA
_isdigit                             text36       0978
_isdigit$672                         cstackBANK0  0020
_keyboard                            text33       06AC
_main                                maintext     0D4F
_maxTemp                             dataBANK1    00E6
_maxTempString                       bssBANK0     005F
_onConfTempMode                      dataBANK1    00E4
_putCharacter                        text24       0A70
_readTem                             bssBANK1     00E0
_send                                text9        09CE
_sendNibble                          text30       0C7D
_showDiferenceTemp                   bssBANK1     00E2
_showDifferenceTemp                  text5        0E9E
_showTemp                            text2        0BCF
_sprintf                             text6        057D
_strcat                              text4        0B11
_strlen                              text23       0A29
_turnOnLCD                           text25       09A1
_turnOnSerialAlarm                   text10       0AE5
_wait                                text1        0002
_waiting                             dataBANK0    005B
_writeOnLCD                          text21       0936
_writeWord                           text22       0B9C
addCharToMaxTemp@character           cstackBANK0  0031
atoi@a                               cstackBANK0  002B
atoi@s                               cstackBANK0  002D
atoi@sign                            cstackBANK0  002A
btemp                                (abs)        007E
changeThermometerChannel@channel     cstackBANK0  003A
end_of_initialization                cinit        0037
getTemperatureInt@temp               cstackBANK1  00C0
getTemperatureString@str             cstackBANK1  00BF
getTemperatureString@temp            cstackBANK1  00CB
i1_changeThermometerChannel          text34       08DF
i1_clearLCD                          text42       08D2
i1_flank                             text44       0906
i1_putCharacter                      text39       0A4B
i1_sendNibble                        text43       0C3E
i1_turnOnLCD                         text40       098C
i1changeThermometerChannel@channel   cstackBANK0  0020
i1putCharacter@character             cstackBANK0  002F
i1putCharacter@position              cstackBANK0  002B
i1sendNibble@d1                      cstackBANK0  0027
i1sendNibble@d2                      cstackBANK0  0029
i1sendNibble@n                       cstackBANK0  0021
i1sendNibble@rs                      cstackBANK0  0023
i1turnOnLCD@d1                       cstackBANK0  0021
init_fetch0                          inittext     0967
init_ram0                            inittext     096B
interrupt_function                   intentry     0004
intlevel0                            functab      0000
intlevel1                            functab      0000
intlevel2                            functab      0000
intlevel3                            functab      0000
intlevel4                            functab      0000
intlevel5                            functab      0000
isItHot@temp                         cstackBANK0  003A
isdigit@c                            cstackBANK0  0021
main@running                         cstackBANK1  00DE
putCharacter@character               cstackBANK0  0049
putCharacter@position                cstackBANK0  0045
reset_vec                            reset_vec    0000
saved_w                              (abs)        007E
send@F1086                           dataBANK0    0051
send@msg                             cstackBANK0  0046
sendNibble@d1                        cstackBANK0  0041
sendNibble@d2                        cstackBANK0  0043
sendNibble@n                         cstackBANK0  003B
sendNibble@rs                        cstackBANK0  003D
showDifferenceTemp@temp1             cstackBANK1  00D6
showDifferenceTemp@temp2             cstackBANK1  00D8
showDifferenceTemp@tempDif           cstackBANK1  00DA
showDifferenceTemp@tempDifference    cstackBANK1  00D1
showTemp@temp                        cstackBANK1  00D1
sprintf@ap                           cstackBANK1  00A0
sprintf@c                            cstackBANK1  00A6
sprintf@f                            cstackBANK0  0048
sprintf@flag                         cstackBANK1  00A1
sprintf@prec                         cstackBANK1  00A2
sprintf@sp                           cstackBANK1  00A5
sprintf@val                          cstackBANK1  00A3
start                                init         000F
start_initialization                 cinit        0011
strcat@cp                            cstackBANK0  003D
strcat@from                          cstackBANK0  003A
strcat@to                            cstackBANK0  003C
strlen@cp                            cstackBANK0  003C
strlen@s                             cstackBANK0  003A
turnOnLCD@d1                         cstackBANK0  003B
turnOnSerialAlarm@i                  cstackBANK0  003F
turnOnSerialAlarm@message            cstackBANK0  0041
writeOnLCD@word                      cstackBANK1  00CD
writeWord@i                          cstackBANK0  004C
writeWord@word                       cstackBANK0  004A
wtemp0                               (abs)        007E


FUNCTION INFORMATION:

 *************** function _main *****************
 Defined at:
		line 399 in file "termometroDiferencial.c"
 Parameters:    Size  Location     Type
		None
 Auto vars:     Size  Location     Type
  running         2   62[BANK1 ] int 
 Return value:  Size  Location     Type
                  1    wreg      void 
 Registers used:
		wreg, fsr0l, fsr0h, status,2, status,0, btemp+1, pclath, cstack
 Tracked objects:
		On entry : 
		On exit  : 
		Unchanged: 
 Data sizes:     COMMON   BANK0   BANK1
      Params:         0       0       0
      Locals:         0       0       2
      Temps:          0       0       2
      Totals:         0       0       4
Total ram usage:        4 bytes
 Hardware stack levels required when called:   13
 This function calls:
		_clearLCD
		_configKeyboard
		_configSerialPort
		_configTempMode
		_configThermo
		_showDifferenceTemp
		_showTemp
		_wait
 This function is called by:
		Startup code after reset
 This function uses a non-reentrant model


 *************** function _wait *****************
 Defined at:
		line 20 in file "termometroDiferencial.c"
 Parameters:    Size  Location     Type
		None
 Auto vars:     Size  Location     Type
		None
 Return value:  Size  Location     Type
                  1    wreg      void 
 Registers used:
		None
 Tracked objects:
		On entry : 
		On exit  : 
		Unchanged: 
 Data sizes:     COMMON   BANK0   BANK1
      Params:         0       0       0
      Locals:         0       0       0
      Temps:          0       0       0
      Totals:         0       0       0
Total ram usage:        0 bytes
 Hardware stack levels used:    1
 Hardware stack levels required when called:    7
 This function calls:
		Nothing
 This function is called by:
		_main
 This function uses a non-reentrant model


 *************** function _showTemp *****************
 Defined at:
		line 388 in file "termometroDiferencial.c"
 Parameters:    Size  Location     Type
		None
 Auto vars:     Size  Location     Type
  temp            2   49[BANK1 ] int 
 Return value:  Size  Location     Type
                  1    wreg      void 
 Registers used:
		wreg, fsr0l, fsr0h, status,2, status,0, btemp+1, pclath, cstack
 Tracked objects:
		On entry : 
		On exit  : 
		Unchanged: 
 Data sizes:     COMMON   BANK0   BANK1
      Params:         0       0       0
      Locals:         0       0       2
      Temps:          0       0       2
      Totals:         0       0       4
Total ram usage:        4 bytes
 Hardware stack levels used:    1
 Hardware stack levels required when called:   12
 This function calls:
		_ZeroSequenceKeyboard
		_getTemperatureInt
		_getTemperatureString
		_isItHot
		_send
		_writeOnLCD
 This function is called by:
		_main
 This function uses a non-reentrant model


 *************** function _getTemperatureString *****************
 Defined at:
		line 174 in file "termometroDiferencial.c"
 Parameters:    Size  Location     Type
		None
 Auto vars:     Size  Location     Type
  str            12   31[BANK1 ] unsigned char [12]
  temp            2   43[BANK1 ] unsigned int 
 Return value:  Size  Location     Type
                  1    wreg      unsigned char 
 Registers used:
		wreg, fsr0l, fsr0h, status,2, status,0, btemp+1, pclath, cstack
 Tracked objects:
		On entry : 
		On exit  : 
		Unchanged: 
 Data sizes:     COMMON   BANK0   BANK1
      Params:         0       0       0
      Locals:         0       0      14
      Temps:          0       0       1
      Totals:         0       0      15
Total ram usage:       15 bytes
 Hardware stack levels used:    1
 Hardware stack levels required when called:    9
 This function calls:
		___flmul
		___fltol
		___xxtofl
		_getVoltaje
		_sprintf
		_strcat
 This function is called by:
		_showTemp
 This function uses a non-reentrant model


 *************** function _strcat *****************
 Defined at:
		line 8 in file "C:\Program Files (x86)\Microchip\xc8\v2.10\pic\sources\c90\common\strcat.c"
 Parameters:    Size  Location     Type
  to              1    wreg     PTR unsigned char 
		 -> getTemperatureString@str(12), 
  from            1   26[BANK0 ] PTR const unsigned char 
		 -> STR_2(3), 
 Auto vars:     Size  Location     Type
  to              1   28[BANK0 ] PTR unsigned char 
		 -> getTemperatureString@str(12), 
  cp              1   29[BANK0 ] PTR unsigned char 
		 -> getTemperatureString@str(12), 
 Return value:  Size  Location     Type
                  1    wreg      PTR unsigned char 
 Registers used:
		wreg, fsr0l, fsr0h, status,2, status,0, pclath
 Tracked objects:
		On entry : 
		On exit  : 
		Unchanged: 
 Data sizes:     COMMON   BANK0   BANK1
      Params:         0       1       0
      Locals:         0       2       0
      Temps:          0       1       0
      Totals:         0       4       0
Total ram usage:        4 bytes
 Hardware stack levels used:    1
 Hardware stack levels required when called:    7
 This function calls:
		Nothing
 This function is called by:
		_getTemperatureString
 This function uses a non-reentrant model


 *************** function _showDifferenceTemp *****************
 Defined at:
		line 357 in file "termometroDiferencial.c"
 Parameters:    Size  Location     Type
		None
 Auto vars:     Size  Location     Type
  tempDifferen    5   49[BANK1 ] unsigned char [5]
  tempDif         2   58[BANK1 ] unsigned int 
  temp2           2   56[BANK1 ] unsigned int 
  temp1           2   54[BANK1 ] unsigned int 
 Return value:  Size  Location     Type
                  1    wreg      void 
 Registers used:
		wreg, fsr0l, fsr0h, status,2, status,0, btemp+1, pclath, cstack
 Tracked objects:
		On entry : 
		On exit  : 
		Unchanged: 
 Data sizes:     COMMON   BANK0   BANK1
      Params:         0       0       0
      Locals:         0       0      11
      Temps:          0       0       2
      Totals:         0       0      13
Total ram usage:       13 bytes
 Hardware stack levels used:    1
 Hardware stack levels required when called:   12
 This function calls:
		_ZeroSequenceKeyboard
		_changeThermometerChannel
		_getTemperatureInt
		_isItHot
		_send
		_sprintf
		_writeOnLCD
 This function is called by:
		_main
 This function uses a non-reentrant model


 *************** function _sprintf *****************
 Defined at:
		line 505 in file "C:\Program Files (x86)\Microchip\xc8\v2.10\pic\sources\c90\common\doprnt.c"
 Parameters:    Size  Location     Type
  sp              1    wreg     PTR unsigned char 
		 -> showDifferenceTemp@tempDifference(5), getTemperatureString@str(12), 
  f               1   40[BANK0 ] PTR const unsigned char 
		 -> STR_6(5), STR_5(5), STR_1(3), 
 Auto vars:     Size  Location     Type
  sp              1    5[BANK1 ] PTR unsigned char 
		 -> showDifferenceTemp@tempDifference(5), getTemperatureString@str(12), 
  tmpval          4    0        struct .
  val             2    3[BANK1 ] unsigned int 
  cp              2    0        PTR const unsigned char 
  len             2    0        unsigned int 
  c               1    6[BANK1 ] unsigned char 
  prec            1    2[BANK1 ] char 
  flag            1    1[BANK1 ] unsigned char 
  ap              1    0[BANK1 ] PTR void [1]
		 -> ?_sprintf(2), 
 Return value:  Size  Location     Type
                  2   40[BANK0 ] int 
 Registers used:
		wreg, fsr0l, fsr0h, status,2, status,0, btemp+1, pclath, cstack
 Tracked objects:
		On entry : 
		On exit  : 
		Unchanged: 
 Data sizes:     COMMON   BANK0   BANK1
      Params:         0       3       0
      Locals:         0       0       7
      Temps:          0       3       0
      Totals:         0       6       7
Total ram usage:       13 bytes
 Hardware stack levels used:    1
 Hardware stack levels required when called:    8
 This function calls:
		___lwdiv
		___lwmod
 This function is called by:
		_getTemperatureString
		_showDifferenceTemp
 This function uses a non-reentrant model


 *************** function ___lwmod *****************
 Defined at:
		line 5 in file "C:\Program Files (x86)\Microchip\xc8\v2.10\pic\sources\c90\common\lwmod.c"
 Parameters:    Size  Location     Type
  divisor         2   34[BANK0 ] unsigned int 
  dividend        2   36[BANK0 ] unsigned int 
 Auto vars:     Size  Location     Type
  counter         1   39[BANK0 ] unsigned char 
 Return value:  Size  Location     Type
                  2   34[BANK0 ] unsigned int 
 Registers used:
		wreg, status,2, status,0
 Tracked objects:
		On entry : 
		On exit  : 
		Unchanged: 
 Data sizes:     COMMON   BANK0   BANK1
      Params:         0       4       0
      Locals:         0       1       0
      Temps:          0       1       0
      Totals:         0       6       0
Total ram usage:        6 bytes
 Hardware stack levels used:    1
 Hardware stack levels required when called:    7
 This function calls:
		Nothing
 This function is called by:
		_sprintf
 This function uses a non-reentrant model


 *************** function ___lwdiv *****************
 Defined at:
		line 5 in file "C:\Program Files (x86)\Microchip\xc8\v2.10\pic\sources\c90\common\lwdiv.c"
 Parameters:    Size  Location     Type
  divisor         2   26[BANK0 ] unsigned int 
  dividend        2   28[BANK0 ] unsigned int 
 Auto vars:     Size  Location     Type
  quotient        2   32[BANK0 ] unsigned int 
  counter         1   31[BANK0 ] unsigned char 
 Return value:  Size  Location     Type
                  2   26[BANK0 ] unsigned int 
 Registers used:
		wreg, status,2, status,0
 Tracked objects:
		On entry : 
		On exit  : 
		Unchanged: 
 Data sizes:     COMMON   BANK0   BANK1
      Params:         0       4       0
      Locals:         0       3       0
      Temps:          0       1       0
      Totals:         0       8       0
Total ram usage:        8 bytes
 Hardware stack levels used:    1
 Hardware stack levels required when called:    7
 This function calls:
		Nothing
 This function is called by:
		_sprintf
 This function uses a non-reentrant model


 *************** function _send *****************
 Defined at:
		line 349 in file "termometroDiferencial.c"
 Parameters:    Size  Location     Type
		None
 Auto vars:     Size  Location     Type
  msg             8   38[BANK0 ] unsigned char [8]
 Return value:  Size  Location     Type
                  1    wreg      void 
 Registers used:
		wreg, fsr0l, fsr0h, status,2, status,0, btemp+1, pclath, cstack
 Tracked objects:
		On entry : 
		On exit  : 
		Unchanged: 
 Data sizes:     COMMON   BANK0   BANK1
      Params:         0       0       0
      Locals:         0       8       0
      Temps:          0       4       0
      Totals:         0      12       0
Total ram usage:       12 bytes
 Hardware stack levels used:    1
 Hardware stack levels required when called:    9
 This function calls:
		_turnOnSerialAlarm
 This function is called by:
		_showDifferenceTemp
		_showTemp
 This function uses a non-reentrant model


 *************** function _turnOnSerialAlarm *****************
 Defined at:
		line 342 in file "termometroDiferencial.c"
 Parameters:    Size  Location     Type
  message         1    wreg     PTR unsigned char 
		 -> send@msg(8), 
 Auto vars:     Size  Location     Type
  message         1   33[BANK0 ] PTR unsigned char 
		 -> send@msg(8), 
  i               2   31[BANK0 ] int 
 Return value:  Size  Location     Type
                  1    wreg      void 
 Registers used:
		wreg, fsr0l, fsr0h, status,2, status,0, btemp+1, pclath, cstack
 Tracked objects:
		On entry : 
		On exit  : 
		Unchanged: 
 Data sizes:     COMMON   BANK0   BANK1
      Params:         0       0       0
      Locals:         0       3       0
      Temps:          0       1       0
      Totals:         0       4       0
Total ram usage:        4 bytes
 Hardware stack levels used:    1
 Hardware stack levels required when called:    8
 This function calls:
		_strlen
 This function is called by:
		_send
 This function uses a non-reentrant model


 *************** function _isItHot *****************
 Defined at:
		line 334 in file "termometroDiferencial.c"
 Parameters:    Size  Location     Type
  temp            2   26[BANK0 ] int 
 Auto vars:     Size  Location     Type
		None
 Return value:  Size  Location     Type
                  2   26[BANK0 ] int 
 Registers used:
		wreg
 Tracked objects:
		On entry : 
		On exit  : 
		Unchanged: 
 Data sizes:     COMMON   BANK0   BANK1
      Params:         0       2       0
      Locals:         0       0       0
      Temps:          0       2       0
      Totals:         0       4       0
Total ram usage:        4 bytes
 Hardware stack levels used:    1
 Hardware stack levels required when called:    7
 This function calls:
		Nothing
 This function is called by:
		_showDifferenceTemp
		_showTemp
 This function uses a non-reentrant model


 *************** function _getTemperatureInt *****************
 Defined at:
		line 162 in file "termometroDiferencial.c"
 Parameters:    Size  Location     Type
		None
 Auto vars:     Size  Location     Type
  temp            2   32[BANK1 ] unsigned int 
 Return value:  Size  Location     Type
                  2   30[BANK1 ] int 
 Registers used:
		wreg, status,2, status,0, btemp+1, pclath, cstack
 Tracked objects:
		On entry : 
		On exit  : 
		Unchanged: 
 Data sizes:     COMMON   BANK0   BANK1
      Params:         0       0       2
      Locals:         0       0       2
      Temps:          0       0       0
      Totals:         0       0       4
Total ram usage:        4 bytes
 Hardware stack levels used:    1
 Hardware stack levels required when called:    9
 This function calls:
		___flmul
		___fltol
		___xxtofl
		_getVoltaje
 This function is called by:
		_showDifferenceTemp
		_showTemp
 This function uses a non-reentrant model


 *************** function _getVoltaje *****************
 Defined at:
		line 150 in file "termometroDiferencial.c"
 Parameters:    Size  Location     Type
		None
 Auto vars:     Size  Location     Type
		None
 Return value:  Size  Location     Type
                  2   26[BANK0 ] int 
 Registers used:
		wreg
 Tracked objects:
		On entry : 
		On exit  : 
		Unchanged: 
 Data sizes:     COMMON   BANK0   BANK1
      Params:         0       2       0
      Locals:         0       0       0
      Temps:          0       0       0
      Totals:         0       2       0
Total ram usage:        2 bytes
 Hardware stack levels used:    1
 Hardware stack levels required when called:    7
 This function calls:
		Nothing
 This function is called by:
		_getTemperatureInt
		_getTemperatureString
 This function uses a non-reentrant model


 *************** function ___xxtofl *****************
 Defined at:
		line 10 in file "C:\Program Files (x86)\Microchip\xc8\v2.10\pic\sources\c90\common\xxtofl.c"
 Parameters:    Size  Location     Type
  sign            1    wreg     unsigned char 
  val             4   28[BANK0 ] long 
 Auto vars:     Size  Location     Type
  sign            1   36[BANK0 ] unsigned char 
  arg             4   38[BANK0 ] unsigned long 
  exp             1   37[BANK0 ] unsigned char 
 Return value:  Size  Location     Type
                  4   28[BANK0 ] unsigned char 
 Registers used:
		wreg, status,2, status,0
 Tracked objects:
		On entry : 
		On exit  : 
		Unchanged: 
 Data sizes:     COMMON   BANK0   BANK1
      Params:         0       4       0
      Locals:         0       6       0
      Temps:          0       4       0
      Totals:         0      14       0
Total ram usage:       14 bytes
 Hardware stack levels used:    1
 Hardware stack levels required when called:    7
 This function calls:
		Nothing
 This function is called by:
		_getTemperatureInt
		_getTemperatureString
 This function uses a non-reentrant model


 *************** function ___fltol *****************
 Defined at:
		line 43 in file "C:\Program Files (x86)\Microchip\xc8\v2.10\pic\sources\c90\common\fltol.c"
 Parameters:    Size  Location     Type
  f1              4   21[BANK1 ] unsigned char 
 Auto vars:     Size  Location     Type
  exp1            1   48[BANK0 ] unsigned char 
  sign1           1   47[BANK0 ] unsigned char 
 Return value:  Size  Location     Type
                  4   21[BANK1 ] long 
 Registers used:
		wreg, status,2, status,0
 Tracked objects:
		On entry : 
		On exit  : 
		Unchanged: 
 Data sizes:     COMMON   BANK0   BANK1
      Params:         0       0       4
      Locals:         0       2       0
      Temps:          0       0       5
      Totals:         0       2       9
Total ram usage:       11 bytes
 Hardware stack levels used:    1
 Hardware stack levels required when called:    7
 This function calls:
		Nothing
 This function is called by:
		_getTemperatureInt
		_getTemperatureString
 This function uses a non-reentrant model


 *************** function ___flmul *****************
 Defined at:
		line 8 in file "C:\Program Files (x86)\Microchip\xc8\v2.10\pic\sources\c90\common\sprcmul.c"
 Parameters:    Size  Location     Type
  b               4    0[BANK1 ] long 
  a               4    4[BANK1 ] long 
 Auto vars:     Size  Location     Type
  prod            4   15[BANK1 ] struct .
  grs             4   10[BANK1 ] unsigned long 
  temp            2   19[BANK1 ] struct .
  bexp            1   14[BANK1 ] unsigned char 
  aexp            1    9[BANK1 ] unsigned char 
  sign            1    8[BANK1 ] unsigned char 
 Return value:  Size  Location     Type
                  4    0[BANK1 ] unsigned char 
 Registers used:
		wreg, status,2, status,0, btemp+1, pclath, cstack
 Tracked objects:
		On entry : 
		On exit  : 
		Unchanged: 
 Data sizes:     COMMON   BANK0   BANK1
      Params:         0       0       8
      Locals:         0       0      13
      Temps:          0       5       0
      Totals:         0       5      21
Total ram usage:       26 bytes
 Hardware stack levels used:    1
 Hardware stack levels required when called:    8
 This function calls:
		__Umul8_16
 This function is called by:
		_getTemperatureInt
		_getTemperatureString
 This function uses a non-reentrant model


 *************** function __Umul8_16 *****************
 Defined at:
		line 4 in file "C:\Program Files (x86)\Microchip\xc8\v2.10\pic\sources\c90\common\Umul8_16.c"
 Parameters:    Size  Location     Type
  multiplier      1    wreg     unsigned char 
  multiplicand    1   26[BANK0 ] unsigned char 
 Auto vars:     Size  Location     Type
  multiplier      1   34[BANK0 ] unsigned char 
  word_mpld       2   32[BANK0 ] unsigned int 
  product         2   30[BANK0 ] unsigned int 
 Return value:  Size  Location     Type
                  2   26[BANK0 ] unsigned int 
 Registers used:
		wreg, status,2, status,0
 Tracked objects:
		On entry : 
		On exit  : 
		Unchanged: 
 Data sizes:     COMMON   BANK0   BANK1
      Params:         0       2       0
      Locals:         0       5       0
      Temps:          0       2       0
      Totals:         0       9       0
Total ram usage:        9 bytes
 Hardware stack levels used:    1
 Hardware stack levels required when called:    7
 This function calls:
		Nothing
 This function is called by:
		___flmul
 This function uses a non-reentrant model


 *************** function _changeThermometerChannel *****************
 Defined at:
		line 208 in file "termometroDiferencial.c"
 Parameters:    Size  Location     Type
  channel         2   26[BANK0 ] int 
 Auto vars:     Size  Location     Type
		None
 Return value:  Size  Location     Type
                  1    wreg      void 
 Registers used:
		wreg, status,2, status,0
 Tracked objects:
		On entry : 
		On exit  : 
		Unchanged: 
 Data sizes:     COMMON   BANK0   BANK1
      Params:         0       2       0
      Locals:         0       0       0
      Temps:          0       0       0
      Totals:         0       2       0
Total ram usage:        2 bytes
 Hardware stack levels used:    1
 Hardware stack levels required when called:    7
 This function calls:
		Nothing
 This function is called by:
		_showDifferenceTemp
 This function uses a non-reentrant model


 *************** function _configThermo *****************
 Defined at:
		line 109 in file "termometroDiferencial.c"
 Parameters:    Size  Location     Type
		None
 Auto vars:     Size  Location     Type
		None
 Return value:  Size  Location     Type
                  1    wreg      void 
 Registers used:
		wreg, status,2, status,0, pclath, cstack
 Tracked objects:
		On entry : 
		On exit  : 
		Unchanged: 
 Data sizes:     COMMON   BANK0   BANK1
      Params:         0       0       0
      Locals:         0       0       0
      Temps:          0       0       0
      Totals:         0       0       0
Total ram usage:        0 bytes
 Hardware stack levels used:    1
 Hardware stack levels required when called:    9
 This function calls:
		_sendNibble
 This function is called by:
		_main
 This function uses a non-reentrant model


 *************** function _configTempMode *****************
 Defined at:
		line 315 in file "termometroDiferencial.c"
 Parameters:    Size  Location     Type
		None
 Auto vars:     Size  Location     Type
		None
 Return value:  Size  Location     Type
                  1    wreg      void 
 Registers used:
		wreg, fsr0l, fsr0h, status,2, status,0, btemp+1, pclath, cstack
 Tracked objects:
		On entry : 
		On exit  : 
		Unchanged: 
 Data sizes:     COMMON   BANK0   BANK1
      Params:         0       0       0
      Locals:         0       0       0
      Temps:          0       0       0
      Totals:         0       0       0
Total ram usage:        0 bytes
 Hardware stack levels used:    1
 Hardware stack levels required when called:   12
 This function calls:
		_ZeroSequenceKeyboard
		_writeOnLCD
 This function is called by:
		_main
 This function uses a non-reentrant model


 *************** function _writeOnLCD *****************
 Defined at:
		line 95 in file "termometroDiferencial.c"
 Parameters:    Size  Location     Type
  word            2   45[BANK1 ] PTR unsigned char 
		 -> RAM(512), showDifferenceTemp@tempDifference(5), STR_4(20), STR_3(20), 
 Auto vars:     Size  Location     Type
		None
 Return value:  Size  Location     Type
                  1    wreg      void 
 Registers used:
		wreg, fsr0l, fsr0h, status,2, status,0, btemp+1, pclath, cstack
 Tracked objects:
		On entry : 
		On exit  : 
		Unchanged: 
 Data sizes:     COMMON   BANK0   BANK1
      Params:         0       0       2
      Locals:         0       0       0
      Temps:          0       0       0
      Totals:         0       0       2
Total ram usage:        2 bytes
 Hardware stack levels used:    1
 Hardware stack levels required when called:   11
 This function calls:
		_writeWord
 This function is called by:
		_configTempMode
		_showDifferenceTemp
		_showTemp
 This function uses a non-reentrant model


 *************** function _writeWord *****************
 Defined at:
		line 85 in file "termometroDiferencial.c"
 Parameters:    Size  Location     Type
  word            2   42[BANK0 ] PTR unsigned char 
		 -> RAM(512), showDifferenceTemp@tempDifference(5), STR_4(20), STR_3(20), 
 Auto vars:     Size  Location     Type
  i               2   44[BANK0 ] unsigned int 
 Return value:  Size  Location     Type
                  1    wreg      void 
 Registers used:
		wreg, fsr0l, fsr0h, status,2, status,0, btemp+1, pclath, cstack
 Tracked objects:
		On entry : 
		On exit  : 
		Unchanged: 
 Data sizes:     COMMON   BANK0   BANK1
      Params:         0       2       0
      Locals:         0       2       0
      Temps:          0       0       0
      Totals:         0       4       0
Total ram usage:        4 bytes
 Hardware stack levels used:    1
 Hardware stack levels required when called:   10
 This function calls:
		_putCharacter
		_strlen
 This function is called by:
		_writeOnLCD
 This function uses a non-reentrant model


 *************** function _strlen *****************
 Defined at:
		line 4 in file "C:\Program Files (x86)\Microchip\xc8\v2.10\pic\sources\c90\common\strlen.c"
 Parameters:    Size  Location     Type
  s               2   26[BANK0 ] PTR const unsigned char 
		 -> RAM(512), showDifferenceTemp@tempDifference(5), send@msg(8), STR_4(20), 
		 -> STR_3(20), 
 Auto vars:     Size  Location     Type
  cp              2   28[BANK0 ] PTR const unsigned char 
		 -> RAM(512), showDifferenceTemp@tempDifference(5), send@msg(8), STR_4(20), 
		 -> STR_3(20), 
 Return value:  Size  Location     Type
                  2   26[BANK0 ] unsigned int 
 Registers used:
		wreg, fsr0l, fsr0h, status,2, status,0, btemp+1, pclath
 Tracked objects:
		On entry : 
		On exit  : 
		Unchanged: 
 Data sizes:     COMMON   BANK0   BANK1
      Params:         0       2       0
      Locals:         0       2       0
      Temps:          0       0       0
      Totals:         0       4       0
Total ram usage:        4 bytes
 Hardware stack levels used:    1
 Hardware stack levels required when called:    7
 This function calls:
		Nothing
 This function is called by:
		_writeWord
		_turnOnSerialAlarm
 This function uses a non-reentrant model


 *************** function _putCharacter *****************
 Defined at:
		line 72 in file "termometroDiferencial.c"
 Parameters:    Size  Location     Type
  character       1    wreg     unsigned char 
  position        2   37[BANK0 ] int 
 Auto vars:     Size  Location     Type
  character       1   41[BANK0 ] unsigned char 
 Return value:  Size  Location     Type
                  1    wreg      void 
 Registers used:
		wreg, status,2, status,0, pclath, cstack
 Tracked objects:
		On entry : 
		On exit  : 
		Unchanged: 
 Data sizes:     COMMON   BANK0   BANK1
      Params:         0       2       0
      Locals:         0       1       0
      Temps:          0       2       0
      Totals:         0       5       0
Total ram usage:        5 bytes
 Hardware stack levels used:    1
 Hardware stack levels required when called:    9
 This function calls:
		_sendNibble
		_turnOnLCD
 This function is called by:
		_writeWord
 This function uses a non-reentrant model


 *************** function _turnOnLCD *****************
 Defined at:
		line 55 in file "termometroDiferencial.c"
 Parameters:    Size  Location     Type
		None
 Auto vars:     Size  Location     Type
  turnOn          2    0        int 
  d2              2    0        int 
  d1              2   27[BANK0 ] int 
 Return value:  Size  Location     Type
                  1    wreg      void 
 Registers used:
		wreg, status,2, status,0, pclath, cstack
 Tracked objects:
		On entry : 
		On exit  : 
		Unchanged: 
 Data sizes:     COMMON   BANK0   BANK1
      Params:         0       0       0
      Locals:         0       6       0
      Temps:          0       0       0
      Totals:         0       6       0
Total ram usage:        6 bytes
 Hardware stack levels used:    1
 Hardware stack levels required when called:    8
 This function calls:
		_flank
 This function is called by:
		_putCharacter
 This function uses a non-reentrant model


 *************** function _ZeroSequenceKeyboard *****************
 Defined at:
		line 187 in file "termometroDiferencial.c"
 Parameters:    Size  Location     Type
		None
 Auto vars:     Size  Location     Type
		None
 Return value:  Size  Location     Type
                  1    wreg      void 
 Registers used:
		wreg
 Tracked objects:
		On entry : 
		On exit  : 
		Unchanged: 
 Data sizes:     COMMON   BANK0   BANK1
      Params:         0       0       0
      Locals:         0       0       0
      Temps:          0       0       0
      Totals:         0       0       0
Total ram usage:        0 bytes
 Hardware stack levels used:    1
 Hardware stack levels required when called:    7
 This function calls:
		Nothing
 This function is called by:
		_configTempMode
		_showDifferenceTemp
		_showTemp
 This function uses a non-reentrant model


 *************** function _configSerialPort *****************
 Defined at:
		line 132 in file "termometroDiferencial.c"
 Parameters:    Size  Location     Type
		None
 Auto vars:     Size  Location     Type
		None
 Return value:  Size  Location     Type
                  1    wreg      void 
 Registers used:
		wreg, status,2
 Tracked objects:
		On entry : 
		On exit  : 
		Unchanged: 
 Data sizes:     COMMON   BANK0   BANK1
      Params:         0       0       0
      Locals:         0       0       0
      Temps:          0       0       0
      Totals:         0       0       0
Total ram usage:        0 bytes
 Hardware stack levels used:    1
 Hardware stack levels required when called:    7
 This function calls:
		Nothing
 This function is called by:
		_main
 This function uses a non-reentrant model


 *************** function _configKeyboard *****************
 Defined at:
		line 121 in file "termometroDiferencial.c"
 Parameters:    Size  Location     Type
		None
 Auto vars:     Size  Location     Type
		None
 Return value:  Size  Location     Type
                  1    wreg      void 
 Registers used:
		wreg
 Tracked objects:
		On entry : 
		On exit  : 
		Unchanged: 
 Data sizes:     COMMON   BANK0   BANK1
      Params:         0       0       0
      Locals:         0       0       0
      Temps:          0       0       0
      Totals:         0       0       0
Total ram usage:        0 bytes
 Hardware stack levels used:    1
 Hardware stack levels required when called:    7
 This function calls:
		Nothing
 This function is called by:
		_main
 This function uses a non-reentrant model


 *************** function _clearLCD *****************
 Defined at:
		line 102 in file "termometroDiferencial.c"
 Parameters:    Size  Location     Type
		None
 Auto vars:     Size  Location     Type
		None
 Return value:  Size  Location     Type
                  1    wreg      void 
 Registers used:
		wreg, status,2, status,0, pclath, cstack
 Tracked objects:
		On entry : 
		On exit  : 
		Unchanged: 
 Data sizes:     COMMON   BANK0   BANK1
      Params:         0       0       0
      Locals:         0       0       0
      Temps:          0       0       0
      Totals:         0       0       0
Total ram usage:        0 bytes
 Hardware stack levels used:    1
 Hardware stack levels required when called:    9
 This function calls:
		_sendNibble
 This function is called by:
		_main
 This function uses a non-reentrant model


 *************** function _sendNibble *****************
 Defined at:
		line 38 in file "termometroDiferencial.c"
 Parameters:    Size  Location     Type
  n               2   27[BANK0 ] int 
  rs              2   29[BANK0 ] int 
 Auto vars:     Size  Location     Type
  d2              2   35[BANK0 ] int 
  d1              2   33[BANK0 ] int 
 Return value:  Size  Location     Type
                  1    wreg      void 
 Registers used:
		wreg, status,2, status,0, pclath, cstack
 Tracked objects:
		On entry : 
		On exit  : 
		Unchanged: 
 Data sizes:     COMMON   BANK0   BANK1
      Params:         0       4       0
      Locals:         0       4       0
      Temps:          0       2       0
      Totals:         0      10       0
Total ram usage:       10 bytes
 Hardware stack levels used:    1
 Hardware stack levels required when called:    8
 This function calls:
		_flank
 This function is called by:
		_putCharacter
		_clearLCD
		_configThermo
 This function uses a non-reentrant model


 *************** function _flank *****************
 Defined at:
		line 27 in file "termometroDiferencial.c"
 Parameters:    Size  Location     Type
		None
 Auto vars:     Size  Location     Type
		None
 Return value:  Size  Location     Type
                  1    wreg      void 
 Registers used:
		wreg
 Tracked objects:
		On entry : 
		On exit  : 
		Unchanged: 
 Data sizes:     COMMON   BANK0   BANK1
      Params:         0       0       0
      Locals:         0       0       0
      Temps:          0       1       0
      Totals:         0       1       0
Total ram usage:        1 bytes
 Hardware stack levels used:    1
 Hardware stack levels required when called:    7
 This function calls:
		Nothing
 This function is called by:
		_sendNibble
		_turnOnLCD
 This function uses a non-reentrant model


 *************** function _globalInterruption *****************
 Defined at:
		line 299 in file "termometroDiferencial.c"
 Parameters:    Size  Location     Type
		None
 Auto vars:     Size  Location     Type
		None
 Return value:  Size  Location     Type
                  1    wreg      void 
 Registers used:
		wreg, fsr0l, fsr0h, status,2, status,0, pclath, cstack
 Tracked objects:
		On entry : 
		On exit  : 
		Unchanged: 
 Data sizes:     COMMON   BANK0   BANK1
      Params:         0       0       0
      Locals:         0       0       0
      Temps:          0       6       0
      Totals:         0       6       0
Total ram usage:        6 bytes
 Hardware stack levels used:    1
 Hardware stack levels required when called:    6
 This function calls:
		_keyboard
 This function is called by:
		Interrupt level 1
 This function uses a non-reentrant model


 *************** function _keyboard *****************
 Defined at:
		line 235 in file "termometroDiferencial.c"
 Parameters:    Size  Location     Type
		None
 Auto vars:     Size  Location     Type
		None
 Return value:  Size  Location     Type
                  1    wreg      void 
 Registers used:
		wreg, fsr0l, fsr0h, status,2, status,0, pclath, cstack
 Tracked objects:
		On entry : 
		On exit  : 
		Unchanged: 
 Data sizes:     COMMON   BANK0   BANK1
      Params:         0       0       0
      Locals:         0       0       0
      Temps:          0       2       0
      Totals:         0       2       0
Total ram usage:        2 bytes
 Hardware stack levels used:    1
 Hardware stack levels required when called:    5
 This function calls:
		_addCharToMaxTemp
		_atoi
		_clearIfFirst
		i1_changeThermometerChannel
		i1_putCharacter
 This function is called by:
		_globalInterruption
 This function uses a non-reentrant model


 *************** function i1_changeThermometerChannel *****************
 Defined at:
		line 208 in file "termometroDiferencial.c"
 Parameters:    Size  Location     Type
  channel         2    0[BANK0 ] int 
 Auto vars:     Size  Location     Type
		None
 Return value:  Size  Location     Type
                  1    wreg      void 
 Registers used:
		wreg, status,2, status,0
 Tracked objects:
		On entry : 
		On exit  : 
		Unchanged: 
 Data sizes:     COMMON   BANK0   BANK1
      Params:         0       2       0
      Locals:         0       0       0
      Temps:          0       0       0
      Totals:         0       2       0
Total ram usage:        2 bytes
 Hardware stack levels used:    1
 This function calls:
		Nothing
 This function is called by:
		_keyboard
 This function uses a non-reentrant model


 *************** function _atoi *****************
 Defined at:
		line 5 in file "C:\Program Files (x86)\Microchip\xc8\v2.10\pic\sources\c90\common\atoi.c"
 Parameters:    Size  Location     Type
  s               1    wreg     PTR const unsigned char 
		 -> maxTempString(5), 
 Auto vars:     Size  Location     Type
  s               1   13[BANK0 ] PTR const unsigned char 
		 -> maxTempString(5), 
  a               2   11[BANK0 ] int 
  sign            1   10[BANK0 ] unsigned char 
 Return value:  Size  Location     Type
                  2    6[BANK0 ] int 
 Registers used:
		wreg, fsr0l, fsr0h, status,2, status,0, pclath, cstack
 Tracked objects:
		On entry : 
		On exit  : 
		Unchanged: 
 Data sizes:     COMMON   BANK0   BANK1
      Params:         0       2       0
      Locals:         0       4       0
      Temps:          0       2       0
      Totals:         0       8       0
Total ram usage:        8 bytes
 Hardware stack levels used:    1
 Hardware stack levels required when called:    1
 This function calls:
		___wmul
		_isdigit
 This function is called by:
		_keyboard
 This function uses a non-reentrant model


 *************** function _isdigit *****************
 Defined at:
		line 8 in file "C:\Program Files (x86)\Microchip\xc8\v2.10\pic\sources\c90\common\isdigit.c"
 Parameters:    Size  Location     Type
  c               1    wreg     unsigned char 
 Auto vars:     Size  Location     Type
  c               1    1[BANK0 ] unsigned char 
 Return value:  Size  Location     Type
		None               void
 Registers used:
		wreg, status,2, status,0
 Tracked objects:
		On entry : 
		On exit  : 
		Unchanged: 
 Data sizes:     COMMON   BANK0   BANK1
      Params:         0       0       0
      Locals:         0       2       0
      Temps:          0       0       0
      Totals:         0       2       0
Total ram usage:        2 bytes
 Hardware stack levels used:    1
 This function calls:
		Nothing
 This function is called by:
		_atoi
 This function uses a non-reentrant model


 *************** function ___wmul *****************
 Defined at:
		line 15 in file "C:\Program Files (x86)\Microchip\xc8\v2.10\pic\sources\c90\common\Umul16.c"
 Parameters:    Size  Location     Type
  multiplier      2    0[BANK0 ] unsigned int 
  multiplicand    2    2[BANK0 ] unsigned int 
 Auto vars:     Size  Location     Type
  product         2    4[BANK0 ] unsigned int 
 Return value:  Size  Location     Type
                  2    0[BANK0 ] unsigned int 
 Registers used:
		wreg, status,2, status,0
 Tracked objects:
		On entry : 
		On exit  : 
		Unchanged: 
 Data sizes:     COMMON   BANK0   BANK1
      Params:         0       4       0
      Locals:         0       2       0
      Temps:          0       0       0
      Totals:         0       6       0
Total ram usage:        6 bytes
 Hardware stack levels used:    1
 This function calls:
		Nothing
 This function is called by:
		_atoi
 This function uses a non-reentrant model


 *************** function _addCharToMaxTemp *****************
 Defined at:
		line 220 in file "termometroDiferencial.c"
 Parameters:    Size  Location     Type
  character       1    wreg     unsigned char 
 Auto vars:     Size  Location     Type
  character       1   17[BANK0 ] unsigned char 
 Return value:  Size  Location     Type
                  1    wreg      void 
 Registers used:
		wreg, fsr0l, fsr0h, status,2, status,0, pclath, cstack
 Tracked objects:
		On entry : 
		On exit  : 
		Unchanged: 
 Data sizes:     COMMON   BANK0   BANK1
      Params:         0       0       0
      Locals:         0       1       0
      Temps:          0       1       0
      Totals:         0       2       0
Total ram usage:        2 bytes
 Hardware stack levels used:    1
 Hardware stack levels required when called:    4
 This function calls:
		_clearIfFirst
		i1_putCharacter
 This function is called by:
		_keyboard
 This function uses a non-reentrant model


 *************** function i1_putCharacter *****************
 Defined at:
		line 72 in file "termometroDiferencial.c"
 Parameters:    Size  Location     Type
  character       1    wreg     unsigned char 
  position        2   11[BANK0 ] int 
 Auto vars:     Size  Location     Type
  character       1   15[BANK0 ] unsigned char 
 Return value:  Size  Location     Type
                  1    wreg      void 
 Registers used:
		wreg, status,2, status,0, pclath, cstack
 Tracked objects:
		On entry : 
		On exit  : 
		Unchanged: 
 Data sizes:     COMMON   BANK0   BANK1
      Params:         0       2       0
      Locals:         0       1       0
      Temps:          0       2       0
      Totals:         0       5       0
Total ram usage:        5 bytes
 Hardware stack levels used:    1
 Hardware stack levels required when called:    2
 This function calls:
		i1_sendNibble
		i1_turnOnLCD
 This function is called by:
		_addCharToMaxTemp
		_keyboard
 This function uses a non-reentrant model


 *************** function i1_turnOnLCD *****************
 Defined at:
		line 55 in file "termometroDiferencial.c"
 Parameters:    Size  Location     Type
		None
 Auto vars:     Size  Location     Type
  turnOnLCD       2    0        int 
  turnOnLCD       2    0        int 
  turnOnLCD       2    1[BANK0 ] int 
 Return value:  Size  Location     Type
                  1    wreg      void 
 Registers used:
		wreg, status,2, status,0, pclath, cstack
 Tracked objects:
		On entry : 
		On exit  : 
		Unchanged: 
 Data sizes:     COMMON   BANK0   BANK1
      Params:         0       0       0
      Locals:         0       6       0
      Temps:          0       0       0
      Totals:         0       6       0
Total ram usage:        6 bytes
 Hardware stack levels used:    1
 Hardware stack levels required when called:    1
 This function calls:
		i1_flank
 This function is called by:
		i1_putCharacter
 This function uses a non-reentrant model


 *************** function _clearIfFirst *****************
 Defined at:
		line 197 in file "termometroDiferencial.c"
 Parameters:    Size  Location     Type
		None
 Auto vars:     Size  Location     Type
		None
 Return value:  Size  Location     Type
                  1    wreg      void 
 Registers used:
		wreg, status,2, status,0, pclath, cstack
 Tracked objects:
		On entry : 
		On exit  : 
		Unchanged: 
 Data sizes:     COMMON   BANK0   BANK1
      Params:         0       0       0
      Locals:         0       0       0
      Temps:          0       0       0
      Totals:         0       0       0
Total ram usage:        0 bytes
 Hardware stack levels used:    1
 Hardware stack levels required when called:    3
 This function calls:
		i1_clearLCD
 This function is called by:
		_addCharToMaxTemp
		_keyboard
 This function uses a non-reentrant model


 *************** function i1_clearLCD *****************
 Defined at:
		line 102 in file "termometroDiferencial.c"
 Parameters:    Size  Location     Type
		None
 Auto vars:     Size  Location     Type
		None
 Return value:  Size  Location     Type
                  1    wreg      void 
 Registers used:
		wreg, status,2, status,0, pclath, cstack
 Tracked objects:
		On entry : 
		On exit  : 
		Unchanged: 
 Data sizes:     COMMON   BANK0   BANK1
      Params:         0       0       0
      Locals:         0       0       0
      Temps:          0       0       0
      Totals:         0       0       0
Total ram usage:        0 bytes
 Hardware stack levels used:    1
 Hardware stack levels required when called:    2
 This function calls:
		i1_sendNibble
 This function is called by:
		_clearIfFirst
 This function uses a non-reentrant model


 *************** function i1_sendNibble *****************
 Defined at:
		line 38 in file "termometroDiferencial.c"
 Parameters:    Size  Location     Type
  n               2    1[BANK0 ] int 
  rs              2    3[BANK0 ] int 
 Auto vars:     Size  Location     Type
  sendNibble      2    9[BANK0 ] int 
  sendNibble      2    7[BANK0 ] int 
 Return value:  Size  Location     Type
                  1    wreg      void 
 Registers used:
		wreg, status,2, status,0, pclath, cstack
 Tracked objects:
		On entry : 
		On exit  : 
		Unchanged: 
 Data sizes:     COMMON   BANK0   BANK1
      Params:         0       4       0
      Locals:         0       4       0
      Temps:          0       2       0
      Totals:         0      10       0
Total ram usage:       10 bytes
 Hardware stack levels used:    1
 Hardware stack levels required when called:    1
 This function calls:
		i1_flank
 This function is called by:
		i1_putCharacter
		i1_clearLCD
 This function uses a non-reentrant model


 *************** function i1_flank *****************
 Defined at:
		line 27 in file "termometroDiferencial.c"
 Parameters:    Size  Location     Type
		None
 Auto vars:     Size  Location     Type
		None
 Return value:  Size  Location     Type
                  1    wreg      void 
 Registers used:
		wreg
 Tracked objects:
		On entry : 
		On exit  : 
		Unchanged: 
 Data sizes:     COMMON   BANK0   BANK1
      Params:         0       0       0
      Locals:         0       0       0
      Temps:          0       1       0
      Totals:         0       1       0
Total ram usage:        1 bytes
 Hardware stack levels used:    1
 This function calls:
		Nothing
 This function is called by:
		i1_sendNibble
		i1_turnOnLCD
 This function uses a non-reentrant model



MODULE INFORMATION

Module		Function		Class		Link	Load	Size
C:\Program Files (x86)\Microchip\xc8\v2.10\pic\sources\c90\common\atoi.c
		_atoi          		CODE           	0780	0000	128

C:\Program Files (x86)\Microchip\xc8\v2.10\pic\sources\c90\common\atoi.c estimated size: 128

termometroDiferencial.c
		_turnOnSerialAlarm		CODE           	0AE5	0000	45
		_clearIfFirst  		CODE           	0916	0000	17
		_changeThermometerChannel		CODE           	08F9	0000	14
		_showDifferenceTemp		CODE           	0E9E	0000	167
		_isItHot       		CODE           	09EA	0000	30
		_addCharToMaxTemp		CODE           	0B6C	0000	49
		_putCharacter  		CODE           	0A70	0000	38
		_main          		CODE           	0D4F	0000	82
		_ZeroSequenceKeyboard		CODE           	08BB	0000	12
		_configThermo  		CODE           	09B6	0000	25
		_configKeyboard		CODE           	08B1	0000	11
		_globalInterruption		CODE           	0A07	0000	35
		_flank         		CODE           	0926	0000	17
		_writeOnLCD    		CODE           	0936	0000	17
		_configTempMode		CODE           	0B3E	0000	47
		_getTemperatureString		CODE           	0DA0	0000	109
		_showTemp      		CODE           	0BCF	0000	52
		_sendNibble    		CODE           	0C7D	0000	64
		_getVoltaje    		CODE           	0946	0000	17
		_getTemperatureInt		CODE           	0D02	0000	78
		_send          		CODE           	09CE	0000	29
		_configSerialPort		CODE           	0956	0000	18
		_turnOnLCD     		CODE           	09A1	0000	22
		_keyboard      		CODE           	06AC	0000	213
		_wait          		CODE           	0002	0000	3
		_writeWord     		CODE           	0B9C	0000	52
		_clearLCD      		CODE           	08EC	0000	14

termometroDiferencial.c estimated size: 1277

C:\Program Files (x86)\Microchip\xc8\v2.10\pic\sources\c90\common\lwdiv.c
		___lwdiv       		CODE           	0CBC	0000	71

C:\Program Files (x86)\Microchip\xc8\v2.10\pic\sources\c90\common\lwdiv.c estimated size: 71

C:\Program Files (x86)\Microchip\xc8\v2.10\pic\sources\c90\common\fltol.c
		___fltol       		CODE           	0E0C	0000	147

C:\Program Files (x86)\Microchip\xc8\v2.10\pic\sources\c90\common\fltol.c estimated size: 147

C:\Program Files (x86)\Microchip\xc8\v2.10\pic\sources\c90\common\Umul16.c
		___wmul        		CODE           	0A95	0000	40

C:\Program Files (x86)\Microchip\xc8\v2.10\pic\sources\c90\common\Umul16.c estimated size: 40

C:\Program Files (x86)\Microchip\xc8\v2.10\pic\sources\c90\common\sprcmul.c
		___flmul       		CODE           	003A	0000	1348

C:\Program Files (x86)\Microchip\xc8\v2.10\pic\sources\c90\common\sprcmul.c estimated size: 1348

C:\Program Files (x86)\Microchip\xc8\v2.10\pic\sources\c90\common\Umul8_16.c
		__Umul8_16     		CODE           	0ABC	0000	42

C:\Program Files (x86)\Microchip\xc8\v2.10\pic\sources\c90\common\Umul8_16.c estimated size: 42

C:\Program Files (x86)\Microchip\xc8\v2.10\pic\sources\c90\common\strcat.c
		_strcat        		CODE           	0B11	0000	46

C:\Program Files (x86)\Microchip\xc8\v2.10\pic\sources\c90\common\strcat.c estimated size: 46

C:\Program Files (x86)\Microchip\xc8\v2.10\pic\sources\c90\common\xxtofl.c
		___xxtofl      		CODE           	0F44	0000	189

C:\Program Files (x86)\Microchip\xc8\v2.10\pic\sources\c90\common\xxtofl.c estimated size: 189

shared
		__stringtab    		STRING         	0800	0000	17
		_dpowers       		STRING         	0810	0000	11
		i1_sendNibble  		CODE           	0C3E	0000	64
		i1_putCharacter		CODE           	0A4B	0000	38
		i1_clearLCD    		CODE           	08D2	0000	14
		i1_changeThermometerChannel		CODE           	08DF	0000	14
		__initialization		CODE           	0011	0000	39
		i1_flank       		CODE           	0906	0000	17
		i1_turnOnLCD   		CODE           	098C	0000	22

shared estimated size: 236

C:\Program Files (x86)\Microchip\xc8\v2.10\pic\sources\c90\common\strlen.c
		_strlen        		CODE           	0A29	0000	35

C:\Program Files (x86)\Microchip\xc8\v2.10\pic\sources\c90\common\strlen.c estimated size: 35

C:\Program Files (x86)\Microchip\xc8\v2.10\pic\sources\c90\common\lwmod.c
		___lwmod       		CODE           	0C02	0000	61

C:\Program Files (x86)\Microchip\xc8\v2.10\pic\sources\c90\common\lwmod.c estimated size: 61

C:\Program Files (x86)\Microchip\xc8\v2.10\pic\sources\c90\common\isdigit.c
		_isdigit       		CODE           	0978	0000	21

C:\Program Files (x86)\Microchip\xc8\v2.10\pic\sources\c90\common\isdigit.c estimated size: 21

C:\Program Files (x86)\Microchip\xc8\v2.10\pic\sources\c90\common\doprnt.c
		_sprintf       		CODE           	057D	0000	304

C:\Program Files (x86)\Microchip\xc8\v2.10\pic\sources\c90\common\doprnt.c estimated size: 304

