Microchip MPLAB XC8 Compiler V2.10 ()

Linker command line:

-W-3 --edf=C:\Program Files (x86)\Microchip\xc8\v2.10\pic\dat\en_msgs.txt \
  -cs \
  -h+dist/default/production\ProyectoTermometroDiferencial.X.production.sym \
  --cmf=dist/default/production\ProyectoTermometroDiferencial.X.production.cmf \
  -z -Q16F873A -oC:\Users\Cristian\AppData\Local\Temp\saq8.2 \
  --defsym=__MPLAB_BUILD=1 \
  -Mdist/default/production/ProyectoTermometroDiferencial.X.production.map \
  -E1 -ver=XC8 --acfsm=1493 -ASTACK=0CCh-0FDh -pstack=STACK \
  -ACODE=00h-07FFhx2 -ASTRCODE=00h-0FFFh -ASTRING=00h-0FFhx16 \
  -ACONST=00h-0FFhx16 -AENTRY=00h-0FFhx16 -ABANK0=020h-07Dh \
  -ABANK1=0A0h-0FDh -ARAM=020h-07Dh,0A0h-0FDh -AABS1=020h-07Fh,0A0h-0FFh \
  -ACOMMON=07Eh-07Fh -ASFR0=00h-01Fh -ASFR1=080h-09Fh -ASFR2=0100h-017Dh \
  -ASFR3=0180h-01FDh -preset_vec=00h,intentry=04h,init,end_init \
  -ppowerup=CODE -pcinit=CODE -pfunctab=ENTRY -ACONFIG=02007h-02007h \
  -pconfig=CONFIG -DCONFIG=2 -AIDLOC=02000h-02003h -pidloc=IDLOC -DIDLOC=2 \
  -AEEDATA=00h-07Fh/02100h -peeprom_data=EEDATA -DEEDATA=2 -DCODE=2 \
  -DSTRCODE=2 -DSTRING=2 -DCONST=2 -DENTRY=2 -k \
  C:\Users\Cristian\AppData\Local\Temp\saq8.o \
  dist/default/production\ProyectoTermometroDiferencial.X.production.o 

Object code version is 3.11

Machine type is 16F873A



                Name                               Link     Load   Length Selector   Space Scale
C:\Users\Cristian\AppData\Local\Temp\saq8.o
                end_init                             11       11        2        8       0
                reset_vec                             0        0        2        0       0
dist/default/production\ProyectoTermometroDiferencial.X.production.o
                cinit                                13       13       2C        8       0
                intentry                              4        4        D        8       0
                text34                              B23      B23       27     1646       0
                text33                              A53      A53       14     14A6       0
                text32                              D59      D59       7F     1AB2       0
                text31                              9E9      9E9        D     13D2       0
                text30                              A03      A03       10     1406       0
                text29                              C71      C71       3F     18E2       0
                text28                              9F6      9F6        D     13EC       0
                text27                              A13      A13       10     1426       0
                text26                              A67      A67       15     14CE       0
                text25                              AD9      AD9       25     15B2       0
                text24                              58C      58C      219        8       0
                text23                              AB6      AB6       23     156C       0
                text22                              A23      A23       10     1446       0
                text21                              CB0      CB0       3F     1960       0
                text20                              A7C      A7C       18     14F8       0
                text19                              9D4      9D4        A     13A8       0
                text18                              9DE      9DE        B     13BC       0
                text17                              7EB      7EB       15        8       0
                text16                              AFE      AFE       25     15FC       0
                text15                              A94      A94       22     1528       0
                text14                              BCE      BCE       33     179C       0
                text13                              A33      A33       10     1466       0
                text12                              C01      C01       34     1802       0
                text11                              B4A      B4A       29     1694       0
                text10                               3F       3F      54D        8       0
                text9                               DD8      DD8       92     1BB0       0
                text8                               E6A      E6A       BC     1CD4       0
                text7                               A43      A43       10     1486       0
                text6                               7A5      7A5       46        8       0
                text5                               C35      C35       3C     186A       0
                text4                               F26      F26       DA     1E4C       0
                text3                               B73      B73       2D     16E6       0
                text2                               CEF      CEF       6A     19DE       0
                text1                               9CC      9CC        2     1398       0
                maintext                            BA0      BA0       2E     1740       0
                cstackBANK0                          20       20       39       20       1
                cstackBANK1                          A0       A0       2A       A0       1
                dataBANK1                            CA       CA        2       A0       1
                dataBANK0                            59       59        6       20       1
                bssBANK0                             5F       5F        5       20       1
                strings                             800      800       34     1000       0
                idataBANK1                            2        2        2        0       0
                idataBANK0                          9CE      9CE        6     139C       0

TOTAL           Name                               Link     Load   Length     Space
        CLASS   STACK          

        CLASS   CODE           
                end_init                             11       11        2         0
                cinit                                13       13       2C         0
                intentry                              4        4        D         0
                reset_vec                             0        0        2         0
                text34                              B23      B23       27         0
                text33                              A53      A53       14         0
                text32                              D59      D59       7F         0
                text31                              9E9      9E9        D         0
                text30                              A03      A03       10         0
                text29                              C71      C71       3F         0
                text28                              9F6      9F6        D         0
                text27                              A13      A13       10         0
                text26                              A67      A67       15         0
                text25                              AD9      AD9       25         0
                text24                              58C      58C      219         0
                text23                              AB6      AB6       23         0
                text22                              A23      A23       10         0
                text21                              CB0      CB0       3F         0
                text20                              A7C      A7C       18         0
                text19                              9D4      9D4        A         0
                text18                              9DE      9DE        B         0
                text17                              7EB      7EB       15         0
                text16                              AFE      AFE       25         0
                text15                              A94      A94       22         0
                text14                              BCE      BCE       33         0
                text13                              A33      A33       10         0
                text12                              C01      C01       34         0
                text11                              B4A      B4A       29         0
                text10                               3F       3F      54D         0
                text9                               DD8      DD8       92         0
                text8                               E6A      E6A       BC         0
                text7                               A43      A43       10         0
                text6                               7A5      7A5       46         0
                text5                               C35      C35       3C         0
                text4                               F26      F26       DA         0
                text3                               B73      B73       2D         0
                text2                               CEF      CEF       6A         0
                text1                               9CC      9CC        2         0
                maintext                            BA0      BA0       2E         0
                idataBANK1                            2        2        2         0
                idataBANK0                          9CE      9CE        6         0

        CLASS   STRCODE        

        CLASS   STRING         
                strings                             800      800       34         0

        CLASS   CONST          

        CLASS   ENTRY          

        CLASS   BANK0          
                cstackBANK0                          20       20       39         1
                dataBANK0                            59       59        6         1
                bssBANK0                             5F       5F        5         1

        CLASS   BANK1          
                cstackBANK1                          A0       A0       2A         1
                dataBANK1                            CA       CA        2         1

        CLASS   RAM            

        CLASS   ABS1           
                abs_s1                               7E       7E        2         1

        CLASS   COMMON         

        CLASS   SFR0           

        CLASS   SFR1           

        CLASS   SFR2           

        CLASS   SFR3           

        CLASS   CONFIG         

        CLASS   IDLOC          

        CLASS   EEDATA         

        CLASS   BANK3          

        CLASS   BANK2          



SEGMENTS        Name                           Load    Length   Top    Selector   Space  Class     Delta

                reset_vec                      000000  000004  000004         0       0  CODE        2
                intentry                       000004  0007FC  000800         8       0  CODE        2
                cstackBANK0                    000020  000044  000064        20       1  BANK0       1
                cstackBANK1                    0000A0  00002C  0000CC        A0       1  BANK1       1
                strings                        000800  000034  000834      1000       0  STRING      2
                text1                          0009CC  000002  0009CE      1398       0  CODE        2
                idataBANK0                     0009CE  000006  0009D4      139C       0  CODE        2
                text19                         0009D4  00000A  0009DE      13A8       0  CODE        2
                text18                         0009DE  00000B  0009E9      13BC       0  CODE        2
                text31                         0009E9  00000D  0009F6      13D2       0  CODE        2
                text28                         0009F6  00000D  000A03      13EC       0  CODE        2
                text30                         000A03  000010  000A13      1406       0  CODE        2
                text27                         000A13  000010  000A23      1426       0  CODE        2
                text22                         000A23  000010  000A33      1446       0  CODE        2
                text13                         000A33  000010  000A43      1466       0  CODE        2
                text7                          000A43  000010  000A53      1486       0  CODE        2
                text33                         000A53  000014  000A67      14A6       0  CODE        2
                text26                         000A67  000015  000A7C      14CE       0  CODE        2
                text20                         000A7C  000018  000A94      14F8       0  CODE        2
                text15                         000A94  000022  000AB6      1528       0  CODE        2
                text23                         000AB6  000023  000AD9      156C       0  CODE        2
                text25                         000AD9  000025  000AFE      15B2       0  CODE        2
                text16                         000AFE  000025  000B23      15FC       0  CODE        2
                text34                         000B23  000027  000B4A      1646       0  CODE        2
                text11                         000B4A  000029  000B73      1694       0  CODE        2
                text3                          000B73  00002D  000BA0      16E6       0  CODE        2
                maintext                       000BA0  00002E  000BCE      1740       0  CODE        2
                text14                         000BCE  000033  000C01      179C       0  CODE        2
                text12                         000C01  000034  000C35      1802       0  CODE        2
                text5                          000C35  00003C  000C71      186A       0  CODE        2
                text29                         000C71  00003F  000CB0      18E2       0  CODE        2
                text21                         000CB0  00003F  000CEF      1960       0  CODE        2
                text2                          000CEF  00006A  000D59      19DE       0  CODE        2
                text32                         000D59  00007F  000DD8      1AB2       0  CODE        2
                text9                          000DD8  000092  000E6A      1BB0       0  CODE        2
                text8                          000E6A  0000BC  000F26      1CD4       0  CODE        2
                text4                          000F26  0000DA  001000      1E4C       0  CODE        2


UNUSED ADDRESS RANGES

        Name                Unused          Largest block    Delta
        BANK0            0064-007D             1A           1
        BANK1            00CC-00FD             32           1
        CODE             0834-09CB            198           2
        CONFIG           2007-2007              1           2
        CONST            0834-09CB             CC           2
        EEDATA           2100-217F             80           2
        ENTRY            0834-09CB             CC           2
        IDLOC            2000-2003              4           2
        RAM              0064-007D             1A           1
                         00CC-00FD             32
        SFR0             0000-001F             20           1
        SFR1             0080-009F             20           1
        SFR2             0100-017D             7E           1
        SFR3             0180-01FD             7E           1
        STACK            00CC-00FD             32           1
        STRCODE          0834-09CB            198           2
        STRING           0834-09CB             CC           2

                                  Symbol Table

?__Umul8_16                        cstackBANK0  0039
?___flmul                          cstackBANK0  0049
?___fltol                          cstackBANK1  00AD
?___lwdiv                          cstackBANK0  0039
?___lwmod                          cstackBANK0  0041
?___wmul                           cstackBANK0  0020
?___xxtofl                         cstackBANK0  003B
?_atoi                             cstackBANK0  0026
?_getVoltaje                       cstackBANK0  0039
?_sprintf                          cstackBANK0  0047
?_strlen                           cstackBANK0  0039
_ADCON0                            (abs)        001F
_ADCON1                            (abs)        009F
_ADCS0                             (abs)        00FE
_ADRESH                            (abs)        001E
_ADRESL                            (abs)        009E
_CHS0                              (abs)        00FB
_GIE                               (abs)        005F
_GO                                (abs)        00FA
_INTCONbits                        (abs)        000B
_OPTION_REG                        (abs)        0081
_PORTB                             (abs)        0006
_PORTC                             (abs)        0007
_RBIE                              (abs)        005B
_RBIF                              (abs)        0058
_RC0                               (abs)        0038
_RC1                               (abs)        0039
_TRISA                             (abs)        0085
_TRISB                             (abs)        0086
_TRISC                             (abs)        0087
__Habs1                            abs1         0000
__Hbank0                           bank0        0000
__Hbank1                           bank1        0000
__Hbank2                           bank2        0000
__Hbank3                           bank3        0000
__HbssBANK0                        bssBANK0     0000
__Hcinit                           cinit        003F
__Hclrtext                         clrtext      0000
__Hcode                            code         0000
__Hcommon                          common       0000
__Hconfig                          config       0000
__HcstackBANK0                     cstackBANK0  0000
__HcstackBANK1                     cstackBANK1  0000
__HcstackCOMMON                    cstackCOMMON 0000
__HdataBANK0                       dataBANK0    0000
__HdataBANK1                       dataBANK1    0000
__Heeprom_data                     eeprom_data  0000
__Hend_init                        end_init     0013
__Hfunctab                         functab      0000
__HidataBANK0                      idataBANK0   0000
__HidataBANK1                      idataBANK1   0000
__Hidloc                           idloc        0000
__Hinit                            init         0011
__Hintentry                        intentry     0011
__Hmaintext                        maintext     0000
__Hpowerup                         powerup      0000
__Hram                             ram          0000
__Hreset_vec                       reset_vec    0002
__Hsfr0                            sfr0         0000
__Hsfr1                            sfr1         0000
__Hsfr2                            sfr2         0000
__Hsfr3                            sfr3         0000
__Hspace_0                         (abs)        1000
__Hspace_1                         (abs)        00CC
__Hspace_2                         (abs)        0000
__Hspace_3                         (abs)        0000
__Hstack                           stack        0000
__Hstrings                         strings      0000
__Htext                            text         0000
__Labs1                            abs1         0000
__Lbank0                           bank0        0000
__Lbank1                           bank1        0000
__Lbank2                           bank2        0000
__Lbank3                           bank3        0000
__LbssBANK0                        bssBANK0     0000
__Lcinit                           cinit        0013
__Lclrtext                         clrtext      0000
__Lcode                            code         0000
__Lcommon                          common       0000
__Lconfig                          config       0000
__LcstackBANK0                     cstackBANK0  0000
__LcstackBANK1                     cstackBANK1  0000
__LcstackCOMMON                    cstackCOMMON 0000
__LdataBANK0                       dataBANK0    0000
__LdataBANK1                       dataBANK1    0000
__Leeprom_data                     eeprom_data  0000
__Lend_init                        end_init     0011
__Lfunctab                         functab      0000
__LidataBANK0                      idataBANK0   0000
__LidataBANK1                      idataBANK1   0000
__Lidloc                           idloc        0000
__Linit                            init         0011
__Lintentry                        intentry     0004
__Lmaintext                        maintext     0000
__Lpowerup                         powerup      0000
__Lram                             ram          0000
__Lreset_vec                       reset_vec    0000
__Lsfr0                            sfr0         0000
__Lsfr1                            sfr1         0000
__Lsfr2                            sfr2         0000
__Lsfr3                            sfr3         0000
__Lspace_0                         (abs)        0000
__Lspace_1                         (abs)        0000
__Lspace_2                         (abs)        0000
__Lspace_3                         (abs)        0000
__Lstack                           stack        0000
__Lstrings                         strings      0000
__Ltext                            text         0000
__S0                               (abs)        1000
__S1                               (abs)        00CC
__S2                               (abs)        0000
__S3                               (abs)        0000
__Umul8_16                         text11       0B4A
__Umul8_16@multiplicand            cstackBANK0  0039
__Umul8_16@multiplier              cstackBANK0  0041
__Umul8_16@product                 cstackBANK0  003D
__Umul8_16@word_mpld               cstackBANK0  003F
___flmul                           text10       003F
___flmul@a                         cstackBANK0  004D
___flmul@aexp                      cstackBANK1  00A1
___flmul@b                         cstackBANK0  0049
___flmul@bexp                      cstackBANK1  00A6
___flmul@grs                       cstackBANK1  00A2
___flmul@prod                      cstackBANK1  00A7
___flmul@sign                      cstackBANK1  00A0
___flmul@temp                      cstackBANK1  00AB
___fltol                           text9        0DD8
___fltol@exp1                      cstackBANK0  0057
___fltol@f1                        cstackBANK1  00AD
___fltol@sign1                     cstackBANK0  0056
___int_sp                          stack        0000
___latbits                         (abs)        0001
___lwdiv                           text6        07A5
___lwdiv@counter                   cstackBANK0  0040
___lwdiv@dividend                  cstackBANK0  003B
___lwdiv@divisor                   cstackBANK0  0039
___lwdiv@quotient                  cstackBANK0  003E
___lwmod                           text5        0C35
___lwmod@counter                   cstackBANK0  0046
___lwmod@dividend                  cstackBANK0  0043
___lwmod@divisor                   cstackBANK0  0041
___sp                              stack        0000
___stackhi                         (abs)        0000
___stacklo                         (abs)        0000
___wmul                            text34       0B23
___wmul@multiplicand               cstackBANK0  0022
___wmul@multiplier                 cstackBANK0  0020
___wmul@product                    cstackBANK0  0024
___xxtofl                          text8        0E6A
___xxtofl@arg                      cstackBANK0  0045
___xxtofl@exp                      cstackBANK0  0044
___xxtofl@sign                     cstackBANK0  0043
___xxtofl@val                      cstackBANK0  003B
__end_of__Umul8_16                 text11       0B73
__end_of___flmul                   text10       058C
__end_of___fltol                   text9        0E6A
__end_of___lwdiv                   text6        07EB
__end_of___lwmod                   text5        0C71
__end_of___wmul                    text34       0B4A
__end_of___xxtofl                  text8        0F26
__end_of__initialization           cinit        003C
__end_of__stringtab                strings      0810
__end_of_accion                    text23       0AD9
__end_of_atoi                      text32       0DD8
__end_of_changeThermometerChannel  text31       09F6
__end_of_clearIfFirst              text27       0A23
__end_of_clearLCD                  text28       0A03
__end_of_conf                      text20       0A94
__end_of_confTeclado               text19       09DE
__end_of_configTempMode            text12       0C35
__end_of_dpowers                   strings      081A
__end_of_flank                     text22       0A33
__end_of_getTemperature            text2        0D59
__end_of_getVoltaje                text7        0A53
__end_of_isdigit                   text33       0A67
__end_of_main                      maintext     0BCE
__end_of_putCharacter              text16       0B23
__end_of_secuencia                 text18       09E9
__end_of_sendNibble                text21       0CEF
__end_of_sprintf                   text4        1000
__end_of_strcat                    text3        0BA0
__end_of_strlen                    text15       0AB6
__end_of_tecla                     text24       07A5
__end_of_turnOnLCD                 text17       0800
__end_of_wait                      text1        09CE
__end_of_writeOnLCD                text13       0A43
__end_of_writeWord                 text14       0C01
__end_ofi1_flank                   text30       0A13
__end_ofi1_putCharacter            text25       0AFE
__end_ofi1_sendNibble              text29       0CB0
__end_ofi1_turnOnLCD               text26       0A7C
__initialization                   cinit        0013
__pbssBANK0                        bssBANK0     005F
__pcstackBANK0                     cstackBANK0  0020
__pcstackBANK1                     cstackBANK1  00A0
__pcstackCOMMON                    cstackCOMMON 0000
__pdataBANK0                       dataBANK0    0059
__pdataBANK1                       dataBANK1    00CA
__pidataBANK0                      idataBANK0   09CE
__pidataBANK1                      idataBANK1   0002
__pintentry                        intentry     0004
__pmaintext                        maintext     0BA0
__pstrings                         strings      0800
__ptext1                           text1        09CC
__ptext10                          text10       003F
__ptext11                          text11       0B4A
__ptext12                          text12       0C01
__ptext13                          text13       0A33
__ptext14                          text14       0BCE
__ptext15                          text15       0A94
__ptext16                          text16       0AFE
__ptext17                          text17       07EB
__ptext18                          text18       09DE
__ptext19                          text19       09D4
__ptext2                           text2        0CEF
__ptext20                          text20       0A7C
__ptext21                          text21       0CB0
__ptext22                          text22       0A23
__ptext23                          text23       0AB6
__ptext24                          text24       058C
__ptext25                          text25       0AD9
__ptext26                          text26       0A67
__ptext27                          text27       0A13
__ptext28                          text28       09F6
__ptext29                          text29       0C71
__ptext3                           text3        0B73
__ptext30                          text30       0A03
__ptext31                          text31       09E9
__ptext32                          text32       0D59
__ptext33                          text33       0A53
__ptext34                          text34       0B23
__ptext4                           text4        0F26
__ptext5                           text5        0C35
__ptext6                           text6        07A5
__ptext7                           text7        0A43
__ptext8                           text8        0E6A
__ptext9                           text9        0DD8
__size_of__Umul8_16                (abs)        0000
__size_of___flmul                  (abs)        0000
__size_of___fltol                  (abs)        0000
__size_of___lwdiv                  (abs)        0000
__size_of___lwmod                  (abs)        0000
__size_of___wmul                   (abs)        0000
__size_of___xxtofl                 (abs)        0000
__size_of_accion                   (abs)        0000
__size_of_atoi                     (abs)        0000
__size_of_changeThermometerChannel (abs)        0000
__size_of_clearIfFirst             (abs)        0000
__size_of_clearLCD                 (abs)        0000
__size_of_conf                     (abs)        0000
__size_of_confTeclado              (abs)        0000
__size_of_configTempMode           (abs)        0000
__size_of_flank                    (abs)        0000
__size_of_getTemperature           (abs)        0000
__size_of_getVoltaje               (abs)        0000
__size_of_isdigit                  (abs)        0000
__size_of_main                     (abs)        0000
__size_of_putCharacter             (abs)        0000
__size_of_secuencia                (abs)        0000
__size_of_sendNibble               (abs)        0000
__size_of_sprintf                  (abs)        0000
__size_of_strcat                   (abs)        0000
__size_of_strlen                   (abs)        0000
__size_of_tecla                    (abs)        0000
__size_of_turnOnLCD                (abs)        0000
__size_of_wait                     (abs)        0000
__size_of_writeOnLCD               (abs)        0000
__size_of_writeWord                (abs)        0000
__size_ofi1_flank                  (abs)        0000
__size_ofi1_putCharacter           (abs)        0000
__size_ofi1_sendNibble             (abs)        0000
__size_ofi1_turnOnLCD              (abs)        0000
__stringbase                       strings      080F
__stringtab                        strings      0800
_accion                            text23       0AB6
_atoi                              text32       0D59
_changeThermometerChannel          text31       09E9
_clear                             dataBANK0    0059
_clearIfFirst                      text27       0A13
_clearLCD                          text28       09F6
_conf                              text20       0A7C
_confTeclado                       text19       09D4
_configTempMode                    text12       0C01
_cont                              bssBANK0     005F
_dpowers                           strings      0810
_flank                             text22       0A23
_getTemperature                    text2        0CEF
_getVoltaje                        text7        0A43
_isdigit                           text33       0A53
_isdigit$630                       cstackBANK0  0020
_main                              maintext     0BA0
_maxTemp                           dataBANK1    00CA
_maxTempString                     bssBANK0     0061
_putCharacter                      text16       0AFE
_secuencia                         text18       09DE
_sendNibble                        text21       0CB0
_sprintf                           text4        0F26
_strcat                            text3        0B73
_strlen                            text15       0A94
_tecla                             text24       058C
_turnOnLCD                         text17       07EB
_wait                              text1        09CC
_waiting                           dataBANK0    005D
_writeOnLCD                        text13       0A33
_writeWord                         text14       0BCE
atoi@a                             cstackBANK0  002B
atoi@s                             cstackBANK0  002D
atoi@sign                          cstackBANK0  002A
btemp                              (abs)        007E
changeThermometerChannel@channel   cstackBANK0  0020
end_of_initialization              cinit        003C
getTemperature@str                 cstackBANK1  00B6
getTemperature@temp                cstackBANK1  00C2
i1_flank                           text30       0A03
i1_putCharacter                    text25       0AD9
i1_sendNibble                      text29       0C71
i1_turnOnLCD                       text26       0A67
i1putCharacter@character           cstackBANK0  002F
i1putCharacter@position            cstackBANK0  002B
i1sendNibble@d1                    cstackBANK0  0027
i1sendNibble@d2                    cstackBANK0  0029
i1sendNibble@n                     cstackBANK0  0021
i1sendNibble@rs                    cstackBANK0  0023
i1turnOnLCD@d1                     cstackBANK0  0021
interrupt_function                 intentry     0004
intlevel0                          functab      0000
intlevel1                          functab      0000
intlevel2                          functab      0000
intlevel3                          functab      0000
intlevel4                          functab      0000
intlevel5                          functab      0000
isdigit@c                          cstackBANK0  0021
main@leerTemperatura               cstackBANK1  00C8
putCharacter@character             cstackBANK0  0048
putCharacter@position              cstackBANK0  0044
reset_vec                          reset_vec    0000
saved_w                            (abs)        007E
sendNibble@d1                      cstackBANK0  0040
sendNibble@d2                      cstackBANK0  0042
sendNibble@n                       cstackBANK0  003A
sendNibble@rs                      cstackBANK0  003C
sprintf@ap                         cstackBANK0  004D
sprintf@c                          cstackBANK0  0053
sprintf@f                          cstackBANK0  0047
sprintf@flag                       cstackBANK0  004E
sprintf@prec                       cstackBANK0  004F
sprintf@sp                         cstackBANK0  0052
sprintf@val                        cstackBANK0  0050
start                              init         0011
start_initialization               cinit        0013
strcat@cp                          cstackBANK0  003C
strcat@from                        cstackBANK0  0039
strcat@to                          cstackBANK0  003B
strlen@cp                          cstackBANK0  003B
strlen@s                           cstackBANK0  0039
turnOnLCD@d1                       cstackBANK0  003A
writeOnLCD@word                    cstackBANK1  00C4
writeWord@i                        cstackBANK0  004B
writeWord@word                     cstackBANK0  0049
wtemp0                             (abs)        007E


FUNCTION INFORMATION:

 *************** function _main *****************
 Defined at:
		line 335 in file "termometroDiferencial.c"
 Parameters:    Size  Location     Type
		None
 Auto vars:     Size  Location     Type
  leerTemperat    2   40[BANK1 ] int 
 Return value:  Size  Location     Type
                  1    wreg      void 
 Registers used:
		wreg, fsr0l, fsr0h, status,2, status,0, btemp+1, pclath, cstack
 Tracked objects:
		On entry : 
		On exit  : 
		Unchanged: 
 Data sizes:     COMMON   BANK0   BANK1
      Params:         0       0       0
      Locals:         0       0       2
      Temps:          0       0       2
      Totals:         0       0       4
Total ram usage:        4 bytes
 Hardware stack levels required when called:   12
 This function calls:
		_conf
		_confTeclado
		_configTempMode
		_getTemperature
		_secuencia
		_wait
		_writeOnLCD
 This function is called by:
		Startup code after reset
 This function uses a non-reentrant model


 *************** function _wait *****************
 Defined at:
		line 18 in file "termometroDiferencial.c"
 Parameters:    Size  Location     Type
		None
 Auto vars:     Size  Location     Type
		None
 Return value:  Size  Location     Type
                  1    wreg      void 
 Registers used:
		None
 Tracked objects:
		On entry : 
		On exit  : 
		Unchanged: 
 Data sizes:     COMMON   BANK0   BANK1
      Params:         0       0       0
      Locals:         0       0       0
      Temps:          0       0       0
      Totals:         0       0       0
Total ram usage:        0 bytes
 Hardware stack levels used:    1
 Hardware stack levels required when called:    6
 This function calls:
		Nothing
 This function is called by:
		_main
 This function uses a non-reentrant model


 *************** function _getTemperature *****************
 Defined at:
		line 141 in file "termometroDiferencial.c"
 Parameters:    Size  Location     Type
		None
 Auto vars:     Size  Location     Type
  str            12   22[BANK1 ] unsigned char [12]
  temp            2   34[BANK1 ] int 
 Return value:  Size  Location     Type
                  1    wreg      unsigned char 
 Registers used:
		wreg, fsr0l, fsr0h, status,2, status,0, btemp+1, pclath, cstack
 Tracked objects:
		On entry : 
		On exit  : 
		Unchanged: 
 Data sizes:     COMMON   BANK0   BANK1
      Params:         0       0       0
      Locals:         0       0      14
      Temps:          0       1       0
      Totals:         0       1      14
Total ram usage:       15 bytes
 Hardware stack levels used:    1
 Hardware stack levels required when called:    8
 This function calls:
		___flmul
		___fltol
		___xxtofl
		_getVoltaje
		_sprintf
		_strcat
 This function is called by:
		_main
 This function uses a non-reentrant model


 *************** function _strcat *****************
 Defined at:
		line 8 in file "C:\Program Files (x86)\Microchip\xc8\v2.10\pic\sources\c90\common\strcat.c"
 Parameters:    Size  Location     Type
  to              1    wreg     PTR unsigned char 
		 -> getTemperature@str(12), 
  from            1   25[BANK0 ] PTR const unsigned char 
		 -> STR_2(3), 
 Auto vars:     Size  Location     Type
  to              1   27[BANK0 ] PTR unsigned char 
		 -> getTemperature@str(12), 
  cp              1   28[BANK0 ] PTR unsigned char 
		 -> getTemperature@str(12), 
 Return value:  Size  Location     Type
                  1    wreg      PTR unsigned char 
 Registers used:
		wreg, fsr0l, fsr0h, status,2, status,0, pclath
 Tracked objects:
		On entry : 
		On exit  : 
		Unchanged: 
 Data sizes:     COMMON   BANK0   BANK1
      Params:         0       1       0
      Locals:         0       2       0
      Temps:          0       1       0
      Totals:         0       4       0
Total ram usage:        4 bytes
 Hardware stack levels used:    1
 Hardware stack levels required when called:    6
 This function calls:
		Nothing
 This function is called by:
		_getTemperature
 This function uses a non-reentrant model


 *************** function _sprintf *****************
 Defined at:
		line 505 in file "C:\Program Files (x86)\Microchip\xc8\v2.10\pic\sources\c90\common\doprnt.c"
 Parameters:    Size  Location     Type
  sp              1    wreg     PTR unsigned char 
		 -> getTemperature@str(12), 
  f               1   39[BANK0 ] PTR const unsigned char 
		 -> STR_1(3), 
 Auto vars:     Size  Location     Type
  sp              1   50[BANK0 ] PTR unsigned char 
		 -> getTemperature@str(12), 
  tmpval          4    0        struct .
  val             2   48[BANK0 ] unsigned int 
  cp              2    0        PTR const unsigned char 
  len             2    0        unsigned int 
  c               1   51[BANK0 ] unsigned char 
  prec            1   47[BANK0 ] char 
  flag            1   46[BANK0 ] unsigned char 
  ap              1   45[BANK0 ] PTR void [1]
		 -> ?_sprintf(2), 
 Return value:  Size  Location     Type
                  2   39[BANK0 ] int 
 Registers used:
		wreg, fsr0l, fsr0h, status,2, status,0, btemp+1, pclath, cstack
 Tracked objects:
		On entry : 
		On exit  : 
		Unchanged: 
 Data sizes:     COMMON   BANK0   BANK1
      Params:         0       3       0
      Locals:         0       7       0
      Temps:          0       3       0
      Totals:         0      13       0
Total ram usage:       13 bytes
 Hardware stack levels used:    1
 Hardware stack levels required when called:    7
 This function calls:
		___lwdiv
		___lwmod
 This function is called by:
		_getTemperature
 This function uses a non-reentrant model


 *************** function ___lwmod *****************
 Defined at:
		line 5 in file "C:\Program Files (x86)\Microchip\xc8\v2.10\pic\sources\c90\common\lwmod.c"
 Parameters:    Size  Location     Type
  divisor         2   33[BANK0 ] unsigned int 
  dividend        2   35[BANK0 ] unsigned int 
 Auto vars:     Size  Location     Type
  counter         1   38[BANK0 ] unsigned char 
 Return value:  Size  Location     Type
                  2   33[BANK0 ] unsigned int 
 Registers used:
		wreg, status,2, status,0
 Tracked objects:
		On entry : 
		On exit  : 
		Unchanged: 
 Data sizes:     COMMON   BANK0   BANK1
      Params:         0       4       0
      Locals:         0       1       0
      Temps:          0       1       0
      Totals:         0       6       0
Total ram usage:        6 bytes
 Hardware stack levels used:    1
 Hardware stack levels required when called:    6
 This function calls:
		Nothing
 This function is called by:
		_sprintf
 This function uses a non-reentrant model


 *************** function ___lwdiv *****************
 Defined at:
		line 5 in file "C:\Program Files (x86)\Microchip\xc8\v2.10\pic\sources\c90\common\lwdiv.c"
 Parameters:    Size  Location     Type
  divisor         2   25[BANK0 ] unsigned int 
  dividend        2   27[BANK0 ] unsigned int 
 Auto vars:     Size  Location     Type
  quotient        2   30[BANK0 ] unsigned int 
  counter         1   32[BANK0 ] unsigned char 
 Return value:  Size  Location     Type
                  2   25[BANK0 ] unsigned int 
 Registers used:
		wreg, status,2, status,0
 Tracked objects:
		On entry : 
		On exit  : 
		Unchanged: 
 Data sizes:     COMMON   BANK0   BANK1
      Params:         0       4       0
      Locals:         0       3       0
      Temps:          0       1       0
      Totals:         0       8       0
Total ram usage:        8 bytes
 Hardware stack levels used:    1
 Hardware stack levels required when called:    6
 This function calls:
		Nothing
 This function is called by:
		_sprintf
 This function uses a non-reentrant model


 *************** function _getVoltaje *****************
 Defined at:
		line 129 in file "termometroDiferencial.c"
 Parameters:    Size  Location     Type
		None
 Auto vars:     Size  Location     Type
		None
 Return value:  Size  Location     Type
                  2   25[BANK0 ] int 
 Registers used:
		wreg
 Tracked objects:
		On entry : 
		On exit  : 
		Unchanged: 
 Data sizes:     COMMON   BANK0   BANK1
      Params:         0       2       0
      Locals:         0       0       0
      Temps:          0       0       0
      Totals:         0       2       0
Total ram usage:        2 bytes
 Hardware stack levels used:    1
 Hardware stack levels required when called:    6
 This function calls:
		Nothing
 This function is called by:
		_getTemperature
 This function uses a non-reentrant model


 *************** function ___xxtofl *****************
 Defined at:
		line 10 in file "C:\Program Files (x86)\Microchip\xc8\v2.10\pic\sources\c90\common\xxtofl.c"
 Parameters:    Size  Location     Type
  sign            1    wreg     unsigned char 
  val             4   27[BANK0 ] long 
 Auto vars:     Size  Location     Type
  sign            1   35[BANK0 ] unsigned char 
  arg             4   37[BANK0 ] unsigned long 
  exp             1   36[BANK0 ] unsigned char 
 Return value:  Size  Location     Type
                  4   27[BANK0 ] unsigned char 
 Registers used:
		wreg, status,2, status,0
 Tracked objects:
		On entry : 
		On exit  : 
		Unchanged: 
 Data sizes:     COMMON   BANK0   BANK1
      Params:         0       4       0
      Locals:         0       6       0
      Temps:          0       4       0
      Totals:         0      14       0
Total ram usage:       14 bytes
 Hardware stack levels used:    1
 Hardware stack levels required when called:    6
 This function calls:
		Nothing
 This function is called by:
		_getTemperature
 This function uses a non-reentrant model


 *************** function ___fltol *****************
 Defined at:
		line 43 in file "C:\Program Files (x86)\Microchip\xc8\v2.10\pic\sources\c90\common\fltol.c"
 Parameters:    Size  Location     Type
  f1              4   13[BANK1 ] unsigned char 
 Auto vars:     Size  Location     Type
  exp1            1   55[BANK0 ] unsigned char 
  sign1           1   54[BANK0 ] unsigned char 
 Return value:  Size  Location     Type
                  4   13[BANK1 ] long 
 Registers used:
		wreg, status,2, status,0
 Tracked objects:
		On entry : 
		On exit  : 
		Unchanged: 
 Data sizes:     COMMON   BANK0   BANK1
      Params:         0       0       4
      Locals:         0       2       0
      Temps:          0       0       5
      Totals:         0       2       9
Total ram usage:       11 bytes
 Hardware stack levels used:    1
 Hardware stack levels required when called:    6
 This function calls:
		Nothing
 This function is called by:
		_getTemperature
 This function uses a non-reentrant model


 *************** function ___flmul *****************
 Defined at:
		line 8 in file "C:\Program Files (x86)\Microchip\xc8\v2.10\pic\sources\c90\common\sprcmul.c"
 Parameters:    Size  Location     Type
  b               4   41[BANK0 ] long 
  a               4   45[BANK0 ] long 
 Auto vars:     Size  Location     Type
  prod            4    7[BANK1 ] struct .
  grs             4    2[BANK1 ] unsigned long 
  temp            2   11[BANK1 ] struct .
  bexp            1    6[BANK1 ] unsigned char 
  aexp            1    1[BANK1 ] unsigned char 
  sign            1    0[BANK1 ] unsigned char 
 Return value:  Size  Location     Type
                  4   41[BANK0 ] unsigned char 
 Registers used:
		wreg, status,2, status,0, btemp+1, pclath, cstack
 Tracked objects:
		On entry : 
		On exit  : 
		Unchanged: 
 Data sizes:     COMMON   BANK0   BANK1
      Params:         0       8       0
      Locals:         0       0      13
      Temps:          0       5       0
      Totals:         0      13      13
Total ram usage:       26 bytes
 Hardware stack levels used:    1
 Hardware stack levels required when called:    7
 This function calls:
		__Umul8_16
 This function is called by:
		_getTemperature
 This function uses a non-reentrant model


 *************** function __Umul8_16 *****************
 Defined at:
		line 4 in file "C:\Program Files (x86)\Microchip\xc8\v2.10\pic\sources\c90\common\Umul8_16.c"
 Parameters:    Size  Location     Type
  multiplier      1    wreg     unsigned char 
  multiplicand    1   25[BANK0 ] unsigned char 
 Auto vars:     Size  Location     Type
  multiplier      1   33[BANK0 ] unsigned char 
  word_mpld       2   31[BANK0 ] unsigned int 
  product         2   29[BANK0 ] unsigned int 
 Return value:  Size  Location     Type
                  2   25[BANK0 ] unsigned int 
 Registers used:
		wreg, status,2, status,0
 Tracked objects:
		On entry : 
		On exit  : 
		Unchanged: 
 Data sizes:     COMMON   BANK0   BANK1
      Params:         0       2       0
      Locals:         0       5       0
      Temps:          0       2       0
      Totals:         0       9       0
Total ram usage:        9 bytes
 Hardware stack levels used:    1
 Hardware stack levels required when called:    6
 This function calls:
		Nothing
 This function is called by:
		___flmul
 This function uses a non-reentrant model


 *************** function _configTempMode *****************
 Defined at:
		line 318 in file "termometroDiferencial.c"
 Parameters:    Size  Location     Type
		None
 Auto vars:     Size  Location     Type
		None
 Return value:  Size  Location     Type
                  1    wreg      void 
 Registers used:
		wreg, fsr0l, fsr0h, status,2, status,0, btemp+1, pclath, cstack
 Tracked objects:
		On entry : 
		On exit  : 
		Unchanged: 
 Data sizes:     COMMON   BANK0   BANK1
      Params:         0       0       0
      Locals:         0       0       0
      Temps:          0       0       0
      Totals:         0       0       0
Total ram usage:        0 bytes
 Hardware stack levels used:    1
 Hardware stack levels required when called:   11
 This function calls:
		_secuencia
		_writeOnLCD
 This function is called by:
		_main
 This function uses a non-reentrant model


 *************** function _writeOnLCD *****************
 Defined at:
		line 94 in file "termometroDiferencial.c"
 Parameters:    Size  Location     Type
  word            2   36[BANK1 ] PTR unsigned char 
		 -> RAM(512), STR_4(20), STR_3(20), 
 Auto vars:     Size  Location     Type
		None
 Return value:  Size  Location     Type
                  1    wreg      void 
 Registers used:
		wreg, fsr0l, fsr0h, status,2, status,0, btemp+1, pclath, cstack
 Tracked objects:
		On entry : 
		On exit  : 
		Unchanged: 
 Data sizes:     COMMON   BANK0   BANK1
      Params:         0       0       2
      Locals:         0       0       0
      Temps:          0       0       0
      Totals:         0       0       2
Total ram usage:        2 bytes
 Hardware stack levels used:    1
 Hardware stack levels required when called:   10
 This function calls:
		_writeWord
 This function is called by:
		_configTempMode
		_main
 This function uses a non-reentrant model


 *************** function _writeWord *****************
 Defined at:
		line 84 in file "termometroDiferencial.c"
 Parameters:    Size  Location     Type
  word            2   41[BANK0 ] PTR unsigned char 
		 -> RAM(512), STR_4(20), STR_3(20), 
 Auto vars:     Size  Location     Type
  i               2   43[BANK0 ] int 
 Return value:  Size  Location     Type
                  1    wreg      void 
 Registers used:
		wreg, fsr0l, fsr0h, status,2, status,0, btemp+1, pclath, cstack
 Tracked objects:
		On entry : 
		On exit  : 
		Unchanged: 
 Data sizes:     COMMON   BANK0   BANK1
      Params:         0       2       0
      Locals:         0       2       0
      Temps:          0       0       0
      Totals:         0       4       0
Total ram usage:        4 bytes
 Hardware stack levels used:    1
 Hardware stack levels required when called:    9
 This function calls:
		_putCharacter
		_strlen
 This function is called by:
		_writeOnLCD
 This function uses a non-reentrant model


 *************** function _strlen *****************
 Defined at:
		line 4 in file "C:\Program Files (x86)\Microchip\xc8\v2.10\pic\sources\c90\common\strlen.c"
 Parameters:    Size  Location     Type
  s               2   25[BANK0 ] PTR const unsigned char 
		 -> RAM(512), STR_4(20), STR_3(20), 
 Auto vars:     Size  Location     Type
  cp              2   27[BANK0 ] PTR const unsigned char 
		 -> RAM(512), STR_4(20), STR_3(20), 
 Return value:  Size  Location     Type
                  2   25[BANK0 ] unsigned int 
 Registers used:
		wreg, fsr0l, fsr0h, status,2, status,0, btemp+1, pclath
 Tracked objects:
		On entry : 
		On exit  : 
		Unchanged: 
 Data sizes:     COMMON   BANK0   BANK1
      Params:         0       2       0
      Locals:         0       2       0
      Temps:          0       0       0
      Totals:         0       4       0
Total ram usage:        4 bytes
 Hardware stack levels used:    1
 Hardware stack levels required when called:    6
 This function calls:
		Nothing
 This function is called by:
		_writeWord
 This function uses a non-reentrant model


 *************** function _putCharacter *****************
 Defined at:
		line 71 in file "termometroDiferencial.c"
 Parameters:    Size  Location     Type
  character       1    wreg     unsigned char 
  position        2   36[BANK0 ] int 
 Auto vars:     Size  Location     Type
  character       1   40[BANK0 ] unsigned char 
 Return value:  Size  Location     Type
                  1    wreg      void 
 Registers used:
		wreg, status,2, status,0, pclath, cstack
 Tracked objects:
		On entry : 
		On exit  : 
		Unchanged: 
 Data sizes:     COMMON   BANK0   BANK1
      Params:         0       2       0
      Locals:         0       1       0
      Temps:          0       2       0
      Totals:         0       5       0
Total ram usage:        5 bytes
 Hardware stack levels used:    1
 Hardware stack levels required when called:    8
 This function calls:
		_sendNibble
		_turnOnLCD
 This function is called by:
		_writeWord
 This function uses a non-reentrant model


 *************** function _turnOnLCD *****************
 Defined at:
		line 52 in file "termometroDiferencial.c"
 Parameters:    Size  Location     Type
		None
 Auto vars:     Size  Location     Type
  turnOn          2    0        int 
  d2              2    0        int 
  d1              2   26[BANK0 ] int 
 Return value:  Size  Location     Type
                  1    wreg      void 
 Registers used:
		wreg, status,2, status,0, pclath, cstack
 Tracked objects:
		On entry : 
		On exit  : 
		Unchanged: 
 Data sizes:     COMMON   BANK0   BANK1
      Params:         0       0       0
      Locals:         0       6       0
      Temps:          0       0       0
      Totals:         0       6       0
Total ram usage:        6 bytes
 Hardware stack levels used:    1
 Hardware stack levels required when called:    7
 This function calls:
		_flank
 This function is called by:
		_putCharacter
 This function uses a non-reentrant model


 *************** function _secuencia *****************
 Defined at:
		line 153 in file "termometroDiferencial.c"
 Parameters:    Size  Location     Type
		None
 Auto vars:     Size  Location     Type
		None
 Return value:  Size  Location     Type
                  1    wreg      void 
 Registers used:
		wreg
 Tracked objects:
		On entry : 
		On exit  : 
		Unchanged: 
 Data sizes:     COMMON   BANK0   BANK1
      Params:         0       0       0
      Locals:         0       0       0
      Temps:          0       0       0
      Totals:         0       0       0
Total ram usage:        0 bytes
 Hardware stack levels used:    1
 Hardware stack levels required when called:    6
 This function calls:
		Nothing
 This function is called by:
		_configTempMode
		_main
 This function uses a non-reentrant model


 *************** function _confTeclado *****************
 Defined at:
		line 117 in file "termometroDiferencial.c"
 Parameters:    Size  Location     Type
		None
 Auto vars:     Size  Location     Type
		None
 Return value:  Size  Location     Type
                  1    wreg      void 
 Registers used:
		wreg
 Tracked objects:
		On entry : 
		On exit  : 
		Unchanged: 
 Data sizes:     COMMON   BANK0   BANK1
      Params:         0       0       0
      Locals:         0       0       0
      Temps:          0       0       0
      Totals:         0       0       0
Total ram usage:        0 bytes
 Hardware stack levels used:    1
 Hardware stack levels required when called:    6
 This function calls:
		Nothing
 This function is called by:
		_main
 This function uses a non-reentrant model


 *************** function _conf *****************
 Defined at:
		line 108 in file "termometroDiferencial.c"
 Parameters:    Size  Location     Type
		None
 Auto vars:     Size  Location     Type
		None
 Return value:  Size  Location     Type
                  1    wreg      void 
 Registers used:
		wreg, status,2, status,0, pclath, cstack
 Tracked objects:
		On entry : 
		On exit  : 
		Unchanged: 
 Data sizes:     COMMON   BANK0   BANK1
      Params:         0       0       0
      Locals:         0       0       0
      Temps:          0       0       0
      Totals:         0       0       0
Total ram usage:        0 bytes
 Hardware stack levels used:    1
 Hardware stack levels required when called:    8
 This function calls:
		_sendNibble
 This function is called by:
		_main
 This function uses a non-reentrant model


 *************** function _sendNibble *****************
 Defined at:
		line 36 in file "termometroDiferencial.c"
 Parameters:    Size  Location     Type
  n               2   26[BANK0 ] int 
  rs              2   28[BANK0 ] int 
 Auto vars:     Size  Location     Type
  d2              2   34[BANK0 ] int 
  d1              2   32[BANK0 ] int 
 Return value:  Size  Location     Type
                  1    wreg      void 
 Registers used:
		wreg, status,2, status,0, pclath, cstack
 Tracked objects:
		On entry : 
		On exit  : 
		Unchanged: 
 Data sizes:     COMMON   BANK0   BANK1
      Params:         0       4       0
      Locals:         0       4       0
      Temps:          0       2       0
      Totals:         0      10       0
Total ram usage:       10 bytes
 Hardware stack levels used:    1
 Hardware stack levels required when called:    7
 This function calls:
		_flank
 This function is called by:
		_putCharacter
		_conf
 This function uses a non-reentrant model


 *************** function _flank *****************
 Defined at:
		line 25 in file "termometroDiferencial.c"
 Parameters:    Size  Location     Type
		None
 Auto vars:     Size  Location     Type
		None
 Return value:  Size  Location     Type
                  1    wreg      void 
 Registers used:
		wreg
 Tracked objects:
		On entry : 
		On exit  : 
		Unchanged: 
 Data sizes:     COMMON   BANK0   BANK1
      Params:         0       0       0
      Locals:         0       0       0
      Temps:          0       1       0
      Totals:         0       1       0
Total ram usage:        1 bytes
 Hardware stack levels used:    1
 Hardware stack levels required when called:    6
 This function calls:
		Nothing
 This function is called by:
		_sendNibble
		_turnOnLCD
 This function uses a non-reentrant model


 *************** function _accion *****************
 Defined at:
		line 305 in file "termometroDiferencial.c"
 Parameters:    Size  Location     Type
		None
 Auto vars:     Size  Location     Type
		None
 Return value:  Size  Location     Type
                  1    wreg      void 
 Registers used:
		wreg, fsr0l, fsr0h, status,2, status,0, btemp+1, pclath, cstack
 Tracked objects:
		On entry : 
		On exit  : 
		Unchanged: 
 Data sizes:     COMMON   BANK0   BANK1
      Params:         0       0       0
      Locals:         0       0       0
      Temps:          0       7       0
      Totals:         0       7       0
Total ram usage:        7 bytes
 Hardware stack levels used:    1
 Hardware stack levels required when called:    5
 This function calls:
		_tecla
 This function is called by:
		Interrupt level 1
 This function uses a non-reentrant model


 *************** function _tecla *****************
 Defined at:
		line 178 in file "termometroDiferencial.c"
 Parameters:    Size  Location     Type
		None
 Auto vars:     Size  Location     Type
		None
 Return value:  Size  Location     Type
                  1    wreg      void 
 Registers used:
		wreg, fsr0l, fsr0h, status,2, status,0, btemp+1, pclath, cstack
 Tracked objects:
		On entry : 
		On exit  : 
		Unchanged: 
 Data sizes:     COMMON   BANK0   BANK1
      Params:         0       0       0
      Locals:         0       0       0
      Temps:          0       2       0
      Totals:         0       2       0
Total ram usage:        2 bytes
 Hardware stack levels used:    1
 Hardware stack levels required when called:    4
 This function calls:
		_atoi
		_changeThermometerChannel
		_clearIfFirst
		i1_putCharacter
 This function is called by:
		_accion
 This function uses a non-reentrant model


 *************** function i1_putCharacter *****************
 Defined at:
		line 71 in file "termometroDiferencial.c"
 Parameters:    Size  Location     Type
  character       1    wreg     unsigned char 
  position        2   11[BANK0 ] int 
 Auto vars:     Size  Location     Type
  character       1   15[BANK0 ] unsigned char 
 Return value:  Size  Location     Type
                  1    wreg      void 
 Registers used:
		wreg, status,2, status,0, pclath, cstack
 Tracked objects:
		On entry : 
		On exit  : 
		Unchanged: 
 Data sizes:     COMMON   BANK0   BANK1
      Params:         0       2       0
      Locals:         0       1       0
      Temps:          0       2       0
      Totals:         0       5       0
Total ram usage:        5 bytes
 Hardware stack levels used:    1
 Hardware stack levels required when called:    2
 This function calls:
		i1_sendNibble
		i1_turnOnLCD
 This function is called by:
		_tecla
 This function uses a non-reentrant model


 *************** function i1_turnOnLCD *****************
 Defined at:
		line 52 in file "termometroDiferencial.c"
 Parameters:    Size  Location     Type
		None
 Auto vars:     Size  Location     Type
  turnOnLCD       2    0        int 
  turnOnLCD       2    0        int 
  turnOnLCD       2    1[BANK0 ] int 
 Return value:  Size  Location     Type
                  1    wreg      void 
 Registers used:
		wreg, status,2, status,0, pclath, cstack
 Tracked objects:
		On entry : 
		On exit  : 
		Unchanged: 
 Data sizes:     COMMON   BANK0   BANK1
      Params:         0       0       0
      Locals:         0       6       0
      Temps:          0       0       0
      Totals:         0       6       0
Total ram usage:        6 bytes
 Hardware stack levels used:    1
 Hardware stack levels required when called:    1
 This function calls:
		i1_flank
 This function is called by:
		i1_putCharacter
 This function uses a non-reentrant model


 *************** function _clearIfFirst *****************
 Defined at:
		line 163 in file "termometroDiferencial.c"
 Parameters:    Size  Location     Type
		None
 Auto vars:     Size  Location     Type
		None
 Return value:  Size  Location     Type
                  1    wreg      void 
 Registers used:
		wreg, status,2, status,0, pclath, cstack
 Tracked objects:
		On entry : 
		On exit  : 
		Unchanged: 
 Data sizes:     COMMON   BANK0   BANK1
      Params:         0       0       0
      Locals:         0       0       0
      Temps:          0       0       0
      Totals:         0       0       0
Total ram usage:        0 bytes
 Hardware stack levels used:    1
 Hardware stack levels required when called:    3
 This function calls:
		_clearLCD
 This function is called by:
		_tecla
 This function uses a non-reentrant model


 *************** function _clearLCD *****************
 Defined at:
		line 101 in file "termometroDiferencial.c"
 Parameters:    Size  Location     Type
		None
 Auto vars:     Size  Location     Type
		None
 Return value:  Size  Location     Type
                  1    wreg      void 
 Registers used:
		wreg, status,2, status,0, pclath, cstack
 Tracked objects:
		On entry : 
		On exit  : 
		Unchanged: 
 Data sizes:     COMMON   BANK0   BANK1
      Params:         0       0       0
      Locals:         0       0       0
      Temps:          0       0       0
      Totals:         0       0       0
Total ram usage:        0 bytes
 Hardware stack levels used:    1
 Hardware stack levels required when called:    2
 This function calls:
		i1_sendNibble
 This function is called by:
		_clearIfFirst
 This function uses a non-reentrant model


 *************** function i1_sendNibble *****************
 Defined at:
		line 36 in file "termometroDiferencial.c"
 Parameters:    Size  Location     Type
  n               2    1[BANK0 ] int 
  rs              2    3[BANK0 ] int 
 Auto vars:     Size  Location     Type
  sendNibble      2    9[BANK0 ] int 
  sendNibble      2    7[BANK0 ] int 
 Return value:  Size  Location     Type
                  1    wreg      void 
 Registers used:
		wreg, status,2, status,0, pclath, cstack
 Tracked objects:
		On entry : 
		On exit  : 
		Unchanged: 
 Data sizes:     COMMON   BANK0   BANK1
      Params:         0       4       0
      Locals:         0       4       0
      Temps:          0       2       0
      Totals:         0      10       0
Total ram usage:       10 bytes
 Hardware stack levels used:    1
 Hardware stack levels required when called:    1
 This function calls:
		i1_flank
 This function is called by:
		_clearLCD
		i1_putCharacter
 This function uses a non-reentrant model


 *************** function i1_flank *****************
 Defined at:
		line 25 in file "termometroDiferencial.c"
 Parameters:    Size  Location     Type
		None
 Auto vars:     Size  Location     Type
		None
 Return value:  Size  Location     Type
                  1    wreg      void 
 Registers used:
		wreg
 Tracked objects:
		On entry : 
		On exit  : 
		Unchanged: 
 Data sizes:     COMMON   BANK0   BANK1
      Params:         0       0       0
      Locals:         0       0       0
      Temps:          0       1       0
      Totals:         0       1       0
Total ram usage:        1 bytes
 Hardware stack levels used:    1
 This function calls:
		Nothing
 This function is called by:
		i1_sendNibble
		i1_turnOnLCD
 This function uses a non-reentrant model


 *************** function _changeThermometerChannel *****************
 Defined at:
		line 170 in file "termometroDiferencial.c"
 Parameters:    Size  Location     Type
  channel         2    0[BANK0 ] int 
 Auto vars:     Size  Location     Type
		None
 Return value:  Size  Location     Type
                  1    wreg      void 
 Registers used:
		wreg, status,2, status,0
 Tracked objects:
		On entry : 
		On exit  : 
		Unchanged: 
 Data sizes:     COMMON   BANK0   BANK1
      Params:         0       2       0
      Locals:         0       0       0
      Temps:          0       0       0
      Totals:         0       2       0
Total ram usage:        2 bytes
 Hardware stack levels used:    1
 This function calls:
		Nothing
 This function is called by:
		_tecla
 This function uses a non-reentrant model


 *************** function _atoi *****************
 Defined at:
		line 5 in file "C:\Program Files (x86)\Microchip\xc8\v2.10\pic\sources\c90\common\atoi.c"
 Parameters:    Size  Location     Type
  s               1    wreg     PTR const unsigned char 
		 -> maxTempString(3), 
 Auto vars:     Size  Location     Type
  s               1   13[BANK0 ] PTR const unsigned char 
		 -> maxTempString(3), 
  a               2   11[BANK0 ] int 
  sign            1   10[BANK0 ] unsigned char 
 Return value:  Size  Location     Type
                  2    6[BANK0 ] int 
 Registers used:
		wreg, fsr0l, fsr0h, status,2, status,0, pclath, cstack
 Tracked objects:
		On entry : 
		On exit  : 
		Unchanged: 
 Data sizes:     COMMON   BANK0   BANK1
      Params:         0       2       0
      Locals:         0       4       0
      Temps:          0       2       0
      Totals:         0       8       0
Total ram usage:        8 bytes
 Hardware stack levels used:    1
 Hardware stack levels required when called:    1
 This function calls:
		___wmul
		_isdigit
 This function is called by:
		_tecla
 This function uses a non-reentrant model


 *************** function _isdigit *****************
 Defined at:
		line 8 in file "C:\Program Files (x86)\Microchip\xc8\v2.10\pic\sources\c90\common\isdigit.c"
 Parameters:    Size  Location     Type
  c               1    wreg     unsigned char 
 Auto vars:     Size  Location     Type
  c               1    1[BANK0 ] unsigned char 
 Return value:  Size  Location     Type
		None               void
 Registers used:
		wreg, status,2, status,0
 Tracked objects:
		On entry : 
		On exit  : 
		Unchanged: 
 Data sizes:     COMMON   BANK0   BANK1
      Params:         0       0       0
      Locals:         0       2       0
      Temps:          0       0       0
      Totals:         0       2       0
Total ram usage:        2 bytes
 Hardware stack levels used:    1
 This function calls:
		Nothing
 This function is called by:
		_atoi
 This function uses a non-reentrant model


 *************** function ___wmul *****************
 Defined at:
		line 15 in file "C:\Program Files (x86)\Microchip\xc8\v2.10\pic\sources\c90\common\Umul16.c"
 Parameters:    Size  Location     Type
  multiplier      2    0[BANK0 ] unsigned int 
  multiplicand    2    2[BANK0 ] unsigned int 
 Auto vars:     Size  Location     Type
  product         2    4[BANK0 ] unsigned int 
 Return value:  Size  Location     Type
                  2    0[BANK0 ] unsigned int 
 Registers used:
		wreg, status,2, status,0
 Tracked objects:
		On entry : 
		On exit  : 
		Unchanged: 
 Data sizes:     COMMON   BANK0   BANK1
      Params:         0       4       0
      Locals:         0       2       0
      Temps:          0       0       0
      Totals:         0       6       0
Total ram usage:        6 bytes
 Hardware stack levels used:    1
 This function calls:
		Nothing
 This function is called by:
		_atoi
 This function uses a non-reentrant model



MODULE INFORMATION

Module		Function		Class		Link	Load	Size
C:\Program Files (x86)\Microchip\xc8\v2.10\pic\sources\c90\common\atoi.c
		_atoi          		CODE           	0D59	0000	128

C:\Program Files (x86)\Microchip\xc8\v2.10\pic\sources\c90\common\atoi.c estimated size: 128

termometroDiferencial.c
		_conf          		CODE           	0A7C	0000	25
		_clearIfFirst  		CODE           	0A13	0000	17
		_changeThermometerChannel		CODE           	09E9	0000	14
		_secuencia     		CODE           	09DE	0000	12
		_putCharacter  		CODE           	0AFE	0000	38
		_main          		CODE           	0BA0	0000	47
		_confTeclado   		CODE           	09D4	0000	11
		_accion        		CODE           	0AB6	0000	36
		_flank         		CODE           	0A23	0000	17
		_writeOnLCD    		CODE           	0A33	0000	17
		_configTempMode		CODE           	0C01	0000	53
		_tecla         		CODE           	058C	0000	538
		_getTemperature		CODE           	0CEF	0000	107
		_sendNibble    		CODE           	0CB0	0000	64
		_getVoltaje    		CODE           	0A43	0000	17
		_turnOnLCD     		CODE           	07EB	0000	22
		_wait          		CODE           	09CC	0000	3
		_writeWord     		CODE           	0BCE	0000	52
		_clearLCD      		CODE           	09F6	0000	14

termometroDiferencial.c estimated size: 1104

C:\Program Files (x86)\Microchip\xc8\v2.10\pic\sources\c90\common\lwdiv.c
		___lwdiv       		CODE           	07A5	0000	71

C:\Program Files (x86)\Microchip\xc8\v2.10\pic\sources\c90\common\lwdiv.c estimated size: 71

C:\Program Files (x86)\Microchip\xc8\v2.10\pic\sources\c90\common\fltol.c
		___fltol       		CODE           	0DD8	0000	147

C:\Program Files (x86)\Microchip\xc8\v2.10\pic\sources\c90\common\fltol.c estimated size: 147

C:\Program Files (x86)\Microchip\xc8\v2.10\pic\sources\c90\common\Umul16.c
		___wmul        		CODE           	0B23	0000	40

C:\Program Files (x86)\Microchip\xc8\v2.10\pic\sources\c90\common\Umul16.c estimated size: 40

C:\Program Files (x86)\Microchip\xc8\v2.10\pic\sources\c90\common\sprcmul.c
		___flmul       		CODE           	003F	0000	1358

C:\Program Files (x86)\Microchip\xc8\v2.10\pic\sources\c90\common\sprcmul.c estimated size: 1358

C:\Program Files (x86)\Microchip\xc8\v2.10\pic\sources\c90\common\Umul8_16.c
		__Umul8_16     		CODE           	0B4A	0000	42

C:\Program Files (x86)\Microchip\xc8\v2.10\pic\sources\c90\common\Umul8_16.c estimated size: 42

C:\Program Files (x86)\Microchip\xc8\v2.10\pic\sources\c90\common\strcat.c
		_strcat        		CODE           	0B73	0000	46

C:\Program Files (x86)\Microchip\xc8\v2.10\pic\sources\c90\common\strcat.c estimated size: 46

C:\Program Files (x86)\Microchip\xc8\v2.10\pic\sources\c90\common\xxtofl.c
		___xxtofl      		CODE           	0E6A	0000	189

C:\Program Files (x86)\Microchip\xc8\v2.10\pic\sources\c90\common\xxtofl.c estimated size: 189

shared
		__stringtab    		STRING         	0800	0000	17
		_dpowers       		STRING         	0810	0000	11
		i1_sendNibble  		CODE           	0C71	0000	64
		i1_putCharacter		CODE           	0AD9	0000	38
		__initialization		CODE           	0013	0000	42
		i1_flank       		CODE           	0A03	0000	17
		i1_turnOnLCD   		CODE           	0A67	0000	22

shared estimated size: 211

C:\Program Files (x86)\Microchip\xc8\v2.10\pic\sources\c90\common\strlen.c
		_strlen        		CODE           	0A94	0000	35

C:\Program Files (x86)\Microchip\xc8\v2.10\pic\sources\c90\common\strlen.c estimated size: 35

C:\Program Files (x86)\Microchip\xc8\v2.10\pic\sources\c90\common\lwmod.c
		___lwmod       		CODE           	0C35	0000	61

C:\Program Files (x86)\Microchip\xc8\v2.10\pic\sources\c90\common\lwmod.c estimated size: 61

C:\Program Files (x86)\Microchip\xc8\v2.10\pic\sources\c90\common\isdigit.c
		_isdigit       		CODE           	0A53	0000	21

C:\Program Files (x86)\Microchip\xc8\v2.10\pic\sources\c90\common\isdigit.c estimated size: 21

C:\Program Files (x86)\Microchip\xc8\v2.10\pic\sources\c90\common\doprnt.c
		_sprintf       		CODE           	0F26	0000	219

C:\Program Files (x86)\Microchip\xc8\v2.10\pic\sources\c90\common\doprnt.c estimated size: 219

